Component: ARM Compiler 6.16 Tool: armlink [5dfeaa00]

==============================================================================

Section Cross References

    main.o(.text.main) refers to queue.o(.text.xQueueGenericCreate) for xQueueGenericCreate
    main.o(.text.main) refers to main.o(.bss.xUARTQueue) for xUARTQueue
    main.o(.text.main) refers to main.o(.bss.xLEDALARMQueue) for xLEDALARMQueue
    main.o(.text.main) refers to main.o(.bss.xLCDQueue) for xLCDQueue
    main.o(.text.main) refers to lcd_o.o(.text.LCD_init) for LCD_init
    main.o(.text.main) refers to temp.o(.text.TEMP_init) for TEMP_init
    main.o(.text.main) refers to main.o(.text.mainControllerTask) for mainControllerTask
    main.o(.text.main) refers to main.o(.rodata.str1.1) for .L.str
    main.o(.text.main) refers to tasks.o(.text.xTaskCreate) for xTaskCreate
    main.o(.text.main) refers to main.o(.text.LcdControllerTask) for LcdControllerTask
    main.o(.text.main) refers to main.o(.text.AlarmLedTask) for AlarmLedTask
    main.o(.text.main) refers to main.o(.text.UartControler) for UartControler
    main.o(.text.main) refers to tasks.o(.text.vTaskStartScheduler) for vTaskStartScheduler
    main.o(.ARM.exidx.text.main) refers to main.o(.text.main) for [Anonymous Symbol]
    main.o(.text.mainControllerTask) refers to main.o(.bss.xUARTQueue) for xUARTQueue
    main.o(.text.mainControllerTask) refers to queue.o(.text.xQueueReceive) for xQueueReceive
    main.o(.text.mainControllerTask) refers to temp.o(.text.TEMP_read) for TEMP_read
    main.o(.text.mainControllerTask) refers to main.o(.rodata.str1.1) for .L.str.4
    main.o(.text.mainControllerTask) refers to sprintf.o(.text) for sprintf
    main.o(.text.mainControllerTask) refers to main.o(.bss.xLCDQueue) for xLCDQueue
    main.o(.text.mainControllerTask) refers to queue.o(.text.xQueueGenericSend) for xQueueGenericSend
    main.o(.text.mainControllerTask) refers to main.o(.bss.xLEDALARMQueue) for xLEDALARMQueue
    main.o(.ARM.exidx.text.mainControllerTask) refers to main.o(.text.mainControllerTask) for [Anonymous Symbol]
    main.o(.text.LcdControllerTask) refers to main.o(.bss.xLCDQueue) for xLCDQueue
    main.o(.text.LcdControllerTask) refers to queue.o(.text.xQueueReceive) for xQueueReceive
    main.o(.text.LcdControllerTask) refers to lcd_o.o(.text.LCD_goToRowColumn) for LCD_goToRowColumn
    main.o(.text.LcdControllerTask) refers to main.o(.rodata.str1.1) for .L.str.5
    main.o(.text.LcdControllerTask) refers to lcd_o.o(.text.LCD_displayString) for LCD_displayString
    main.o(.text.LcdControllerTask) refers to tasks.o(.text.vTaskDelay) for vTaskDelay
    main.o(.ARM.exidx.text.LcdControllerTask) refers to main.o(.text.LcdControllerTask) for [Anonymous Symbol]
    main.o(.text.AlarmLedTask) refers to main.o(.bss.xLEDALARMQueue) for xLEDALARMQueue
    main.o(.text.AlarmLedTask) refers to queue.o(.text.xQueueReceive) for xQueueReceive
    main.o(.ARM.exidx.text.AlarmLedTask) refers to main.o(.text.AlarmLedTask) for [Anonymous Symbol]
    main.o(.text.UartControler) refers to main.o(.rodata.str1.1) for .L.str.8
    main.o(.text.UartControler) refers to main.o(.text.printstring) for printstring
    main.o(.text.UartControler) refers to main.o(.text.UART0_Read) for UART0_Read
    main.o(.text.UartControler) refers to main.o(.text.UART0_Transmitter) for UART0_Transmitter
    main.o(.text.UartControler) refers to main.o(.bss.xUARTQueue) for xUARTQueue
    main.o(.text.UartControler) refers to queue.o(.text.xQueueGenericSend) for xQueueGenericSend
    main.o(.ARM.exidx.text.UartControler) refers to main.o(.text.UartControler) for [Anonymous Symbol]
    main.o(.text.printstring) refers to main.o(.text.UART0_Transmitter) for UART0_Transmitter
    main.o(.ARM.exidx.text.printstring) refers to main.o(.text.printstring) for [Anonymous Symbol]
    main.o(.ARM.exidx.text.UART0_Transmitter) refers to main.o(.text.UART0_Transmitter) for [Anonymous Symbol]
    main.o(.ARM.exidx.text.UART0_Read) refers to main.o(.text.UART0_Read) for [Anonymous Symbol]
    lcd_o.o(.ARM.exidx.text.Delay_MS) refers to lcd_o.o(.text.Delay_MS) for [Anonymous Symbol]
    lcd_o.o(.ARM.exidx.text.Delay_US) refers to lcd_o.o(.text.Delay_US) for [Anonymous Symbol]
    lcd_o.o(.text.LCD_init) refers to lcd_o.o(.text.LCD_sendCommand) for LCD_sendCommand
    lcd_o.o(.text.LCD_init) refers to lcd_o.o(.text.LCD_clearScreen) for LCD_clearScreen
    lcd_o.o(.ARM.exidx.text.LCD_init) refers to lcd_o.o(.text.LCD_init) for [Anonymous Symbol]
    lcd_o.o(.text.LCD_sendCommand) refers to lcd_o.o(.text.Delay_MS) for Delay_MS
    lcd_o.o(.ARM.exidx.text.LCD_sendCommand) refers to lcd_o.o(.text.LCD_sendCommand) for [Anonymous Symbol]
    lcd_o.o(.text.LCD_clearScreen) refers to lcd_o.o(.text.LCD_sendCommand) for LCD_sendCommand
    lcd_o.o(.ARM.exidx.text.LCD_clearScreen) refers to lcd_o.o(.text.LCD_clearScreen) for [Anonymous Symbol]
[...]
    ddiv_entry                               0x00004a13   Thumb Code     0  ddiv.o(x$fpl$ddiv)
    $v0                                      0x00004cc0   Number         0  dflt_clz.o(x$fpl$dfltu)
    x$fpl$dfltu                              0x00004cc0   Section       38  dflt_clz.o(x$fpl$dfltu)
    $v0                                      0x00004ce8   Number         0  dmul.o(x$fpl$dmul)
    x$fpl$dmul                               0x00004ce8   Section      340  dmul.o(x$fpl$dmul)
    $v0                                      0x00004e3c   Number         0  dnaninf.o(x$fpl$dnaninf)
    x$fpl$dnaninf                            0x00004e3c   Section      156  dnaninf.o(x$fpl$dnaninf)
    $v0                                      0x00004ed8   Number         0  dretinf.o(x$fpl$dretinf)
    x$fpl$dretinf                            0x00004ed8   Section       12  dretinf.o(x$fpl$dretinf)
    $v0                                      0x00004ee4   Number         0  daddsub_clz.o(x$fpl$dsub)
    x$fpl$dsub                               0x00004ee4   Section      476  daddsub_clz.o(x$fpl$dsub)
    _dsub1                                   0x00004ef5   Thumb Code     0  daddsub_clz.o(x$fpl$dsub)
    $v0                                      0x000050c0   Number         0  f2d.o(x$fpl$f2d)
    x$fpl$f2d                                0x000050c0   Section       86  f2d.o(x$fpl$f2d)
    $v0                                      0x00005116   Number         0  fnaninf.o(x$fpl$fnaninf)
    x$fpl$fnaninf                            0x00005116   Section      140  fnaninf.o(x$fpl$fnaninf)
    $v0                                      0x000051a2   Number         0  fpinit.o(x$fpl$fpinit)
    x$fpl$fpinit                             0x000051a2   Section       26  fpinit.o(x$fpl$fpinit)
    $v0                                      0x000051bc   Number         0  fretinf.o(x$fpl$fretinf)
    x$fpl$fretinf                            0x000051bc   Section       10  fretinf.o(x$fpl$fretinf)
    $v0                                      0x000051c6   Number         0  printf1.o(x$fpl$printf1)
    x$fpl$printf1                            0x000051c6   Section        4  printf1.o(x$fpl$printf1)
    $v0                                      0x000051ca   Number         0  printf2.o(x$fpl$printf2)
    x$fpl$printf2                            0x000051ca   Section        4  printf2.o(x$fpl$printf2)
    x$fpl$usenofp                            0x000051ce   Section        0  usenofp.o(x$fpl$usenofp)
    initial_mbstate                          0x000051d0   Data           8  _printf_wctomb.o(.constdata)
    .constdata                               0x000051d0   Section        8  _printf_wctomb.o(.constdata)
    uc_hextab                                0x000051d8   Data          20  _printf_hex_int_ll_ptr.o(.constdata)
    .constdata                               0x000051d8   Section       40  _printf_hex_int_ll_ptr.o(.constdata)
    lc_hextab                                0x000051ec   Data          20  _printf_hex_int_ll_ptr.o(.constdata)
    maptable                                 0x00005200   Data          17  __printf_flags_ss_wp.o(.constdata)
    .constdata                               0x00005200   Section       17  __printf_flags_ss_wp.o(.constdata)
    lc_hextab                                0x00005211   Data          19  _printf_fp_hex.o(.constdata)
    .constdata                               0x00005211   Section       38  _printf_fp_hex.o(.constdata)
    uc_hextab                                0x00005224   Data          19  _printf_fp_hex.o(.constdata)
    tenpwrs_x                                0x00005238   Data          60  bigflt0.o(.constdata)
    .constdata                               0x00005238   Section      148  bigflt0.o(.constdata)
    tenpwrs_i                                0x00005274   Data          64  bigflt0.o(.constdata)
    .L.str.7                                 0x000052cc   Data           3  main.o(.rodata.str1.1)
    [Anonymous Symbol]                       0x000052cc   Section        0  main.o(.rodata.str1.1)
    .L.str.8                                 0x000052cf   Data          43  main.o(.rodata.str1.1)
    .L.str.9                                 0x000052fa   Data          34  main.o(.rodata.str1.1)
    .L.str.5                                 0x0000531c   Data          10  main.o(.rodata.str1.1)
    .L.str.6                                 0x00005326   Data          10  main.o(.rodata.str1.1)
    .L.str.4                                 0x00005330   Data           3  main.o(.rodata.str1.1)
    .L.str.2                                 0x00005333   Data          13  main.o(.rodata.str1.1)
    .L.str.1                                 0x00005340   Data          18  main.o(.rodata.str1.1)
    .L.str                                   0x00005352   Data          19  main.o(.rodata.str1.1)
    .L.str.3                                 0x00005365   Data          14  main.o(.rodata.str1.1)
    .L.str                                   0x00005373   Data           5  tasks.o(.rodata.str1.1)
    [Anonymous Symbol]                       0x00005373   Section        0  tasks.o(.rodata.str1.1)
    locale$$data                             0x0000539c   Section       28  lc_numeric_c.o(locale$$data)
    __lcnum_c_name                           0x000053a0   Data           2  lc_numeric_c.o(locale$$data)
    __lcnum_c_start                          0x000053a8   Data           0  lc_numeric_c.o(locale$$data)
    __lcnum_c_point                          0x000053b4   Data           0  lc_numeric_c.o(locale$$data)
    __lcnum_c_thousands                      0x000053b6   Data           0  lc_numeric_c.o(locale$$data)
    __lcnum_c_grouping                       0x000053b7   Data           0  lc_numeric_c.o(locale$$data)
    __lcnum_c_end                            0x000053b8   Data           0  lc_numeric_c.o(locale$$data)
    locale$$data                             0x000053b8   Section      272  lc_ctype_c.o(locale$$data)
    __lcctype_c_name                         0x000053bc   Data           2  lc_ctype_c.o(locale$$data)
    __lcctype_c_start                        0x000053c4   Data           0  lc_ctype_c.o(locale$$data)
    __lcctype_c_end                          0x000054c8   Data           0  lc_ctype_c.o(locale$$data)
    uxCriticalNesting                        0x20000004   Data           4  port.o(.data.uxCriticalNesting)
    [Anonymous Symbol]                       0x20000004   Section        0  port.o(.data.uxCriticalNesting)
    .bss                                     0x20000008   Section       96  libspace.o(.bss)
    pvPortMalloc.pucAlignedHeap              0x20000070   Data           4  heap_1.o(.bss.pvPortMalloc.pucAlignedHeap)
    [Anonymous Symbol]                       0x20000070   Section        0  heap_1.o(.bss.pvPortMalloc.pucAlignedHeap)
    pxDelayedTaskList                        0x20000078   Data           4  tasks.o(.bss.pxDelayedTaskList)
    [Anonymous Symbol]                       0x20000078   Section        0  tasks.o(.bss.pxDelayedTaskList)
    pxOverflowDelayedTaskList                0x2000007c   Data           4  tasks.o(.bss.pxOverflowDelayedTaskList)
    [Anonymous Symbol]                       0x2000007c   Section        0  tasks.o(.bss.pxOverflowDelayedTaskList)
    pxReadyTasksLists                        0x20000080   Data         100  tasks.o(.bss.pxReadyTasksLists)
    [Anonymous Symbol]                       0x20000080   Section        0  tasks.o(.bss.pxReadyTasksLists)
    ucHeap                                   0x200000e4   Data       10000  heap_1.o(.bss.ucHeap)
    [Anonymous Symbol]                       0x200000e4   Section        0  heap_1.o(.bss.ucHeap)
    ucMaxSysCallPriority                     0x200027f4   Data           1  port.o(.bss.ucMaxSysCallPriority)
    [Anonymous Symbol]                       0x200027f4   Section        0  port.o(.bss.ucMaxSysCallPriority)
    ulMaxPRIGROUPValue                       0x200027f8   Data           4  port.o(.bss.ulMaxPRIGROUPValue)
    [Anonymous Symbol]                       0x200027f8   Section        0  port.o(.bss.ulMaxPRIGROUPValue)
    uxCurrentNumberOfTasks                   0x200027fc   Data           4  tasks.o(.bss.uxCurrentNumberOfTasks)
    [Anonymous Symbol]                       0x200027fc   Section        0  tasks.o(.bss.uxCurrentNumberOfTasks)
    uxDeletedTasksWaitingCleanUp             0x20002800   Data           4  tasks.o(.bss.uxDeletedTasksWaitingCleanUp)
    [Anonymous Symbol]                       0x20002800   Section        0  tasks.o(.bss.uxDeletedTasksWaitingCleanUp)
    uxSchedulerSuspended                     0x20002804   Data           4  tasks.o(.bss.uxSchedulerSuspended)
    [Anonymous Symbol]                       0x20002804   Section        0  tasks.o(.bss.uxSchedulerSuspended)
    uxTaskNumber                             0x20002808   Data           4  tasks.o(.bss.uxTaskNumber)
    [Anonymous Symbol]                       0x20002808   Section        0  tasks.o(.bss.uxTaskNumber)
    uxTopReadyPriority                       0x2000280c   Data           4  tasks.o(.bss.uxTopReadyPriority)
    [Anonymous Symbol]                       0x2000280c   Section        0  tasks.o(.bss.uxTopReadyPriority)
    xDelayedTaskList1                        0x20002810   Data          20  tasks.o(.bss.xDelayedTaskList1)
    [Anonymous Symbol]                       0x20002810   Section        0  tasks.o(.bss.xDelayedTaskList1)
    xDelayedTaskList2                        0x20002824   Data          20  tasks.o(.bss.xDelayedTaskList2)
    [Anonymous Symbol]                       0x20002824   Section        0  tasks.o(.bss.xDelayedTaskList2)
    xIdleTaskHandle                          0x20002838   Data           4  tasks.o(.bss.xIdleTaskHandle)
    [Anonymous Symbol]                       0x20002838   Section        0  tasks.o(.bss.xIdleTaskHandle)
    xNextFreeByte                            0x20002844   Data           4  heap_1.o(.bss.xNextFreeByte)
    [Anonymous Symbol]                       0x20002844   Section        0  heap_1.o(.bss.xNextFreeByte)
    xNextTaskUnblockTime                     0x20002848   Data           4  tasks.o(.bss.xNextTaskUnblockTime)
    [Anonymous Symbol]                       0x20002848   Section        0  tasks.o(.bss.xNextTaskUnblockTime)
    xNumOfOverflows                          0x2000284c   Data           4  tasks.o(.bss.xNumOfOverflows)
    [Anonymous Symbol]                       0x2000284c   Section        0  tasks.o(.bss.xNumOfOverflows)
    xPendedTicks                             0x20002850   Data           4  tasks.o(.bss.xPendedTicks)
    [Anonymous Symbol]                       0x20002850   Section        0  tasks.o(.bss.xPendedTicks)
    xPendingReadyList                        0x20002854   Data          20  tasks.o(.bss.xPendingReadyList)
    [Anonymous Symbol]                       0x20002854   Section        0  tasks.o(.bss.xPendingReadyList)
    xSchedulerRunning                        0x20002868   Data           4  tasks.o(.bss.xSchedulerRunning)
    [Anonymous Symbol]                       0x20002868   Section        0  tasks.o(.bss.xSchedulerRunning)
    xSuspendedTaskList                       0x2000286c   Data          20  tasks.o(.bss.xSuspendedTaskList)
    [Anonymous Symbol]                       0x2000286c   Section        0  tasks.o(.bss.xSuspendedTaskList)
    xTasksWaitingTermination                 0x20002880   Data          20  tasks.o(.bss.xTasksWaitingTermination)
    [Anonymous Symbol]                       0x20002880   Section        0  tasks.o(.bss.xTasksWaitingTermination)
    xTickCount                               0x20002894   Data           4  tasks.o(.bss.xTickCount)
    [Anonymous Symbol]                       0x20002894   Section        0  tasks.o(.bss.xTickCount)
    xYieldPending                            0x2000289c   Data           4  tasks.o(.bss.xYieldPending)
    [Anonymous Symbol]                       0x2000289c   Section        0  tasks.o(.bss.xYieldPending)
    Heap_Mem                                 0x200028a0   Data           0  startup_tm4c123.o(HEAP)
    Stack_Mem                                0x200028a0   Data         512  startup_tm4c123.o(STACK)
    HEAP                                     0x200028a0   Section        0  startup_tm4c123.o(HEAP)
    STACK                                    0x200028a0   Section      512  startup_tm4c123.o(STACK)
    __initial_sp                             0x20002aa0   Data           0  startup_tm4c123.o(STACK)

    Global Symbols

    Symbol Name                              Value     Ov Type        Size  Object(Section)

    BuildAttributes$$THM_ISAv4$E$P$D$K$B$S$7EM$VFPi3$EXTD16$VFPS$VFMA$PE$A:L22UL41UL21$X:L11$S22US41US21$IEEE1$IW$~IW$USESV6$~STKCKD$USESV7$~SHL$OTIME$ROPI$IEEEJ$EBA8$UX$STANDARDLIB$REQ8$PRES8$EABIv2 0x00000000   Number         0  anon$$obj.o ABSOLUTE
    __Vectors                                0x00000000   Data           4  startup_tm4c123.o(RESET)
    _printf_flags                            0x00000000   Number         0  printf_stubs.o ABSOLUTE
    _printf_return_value                     0x00000000   Number         0  printf_stubs.o ABSOLUTE
    _printf_sizespec                         0x00000000   Number         0  printf_stubs.o ABSOLUTE
    _printf_widthprec                        0x00000000   Number         0  printf_stubs.o ABSOLUTE
    __ARM_exceptions_init                     - Undefined Weak Reference
    __alloca_initialize                       - Undefined Weak Reference
    __arm_preinit_                            - Undefined Weak Reference
    __cpp_initialize__aeabi_                  - Undefined Weak Reference
    __cxa_finalize                            - Undefined Weak Reference
    __sigvec_lookup                           - Undefined Weak Reference
    _atexit_init                              - Undefined Weak Reference
    _call_atexit_fns                          - Undefined Weak Reference
    _clock_init                               - Undefined Weak Reference
    _fp_trap_init                             - Undefined Weak Reference
    _fp_trap_shutdown                         - Undefined Weak Reference
    _get_lc_collate                           - Undefined Weak Reference
    _get_lc_monetary                          - Undefined Weak Reference
    _get_lc_time                              - Undefined Weak Reference
    _getenv_init                              - Undefined Weak Reference
    _handle_redirection                       - Undefined Weak Reference
    _init_alloc                               - Undefined Weak Reference
    _init_user_alloc                          - Undefined Weak Reference
    _initio                                   - Undefined Weak Reference
    _printf_mbtowc                            - Undefined Weak Reference
    _printf_wc                                - Undefined Weak Reference
    _rand_init                                - Undefined Weak Reference
    _signal_finish                            - Undefined Weak Reference
    _signal_init                              - Undefined Weak Reference
    _terminate_alloc                          - Undefined Weak Reference
    _terminate_user_alloc                     - Undefined Weak Reference
    _terminateio                              - Undefined Weak Reference
    __Vectors_End                            0x0000026c   Data           0  startup_tm4c123.o(RESET)
    __Vectors_Size                           0x0000026c   Number         0  startup_tm4c123.o ABSOLUTE
    __main                                   0x0000026d   Thumb Code     8  __main.o(!!!main)
    __scatterload                            0x00000275   Thumb Code     0  __scatter.o(!!!scatter)
    __scatterload_rt2                        0x00000275   Thumb Code    44  __scatter.o(!!!scatter)
    __scatterload_rt2_thumb_only             0x00000275   Thumb Code     0  __scatter.o(!!!scatter)
    __scatterload_null                       0x00000283   Thumb Code     0  __scatter.o(!!!scatter)
    __scatterload_copy                       0x000002a9   Thumb Code    26  __scatter_copy.o(!!handler_copy)
    __scatterload_zeroinit                   0x000002c5   Thumb Code    28  __scatter_zi.o(!!handler_zi)
    _printf_n                                0x000002e1   Thumb Code     0  _printf_n.o(.ARM.Collect$$_printf_percent$$00000001)
    _printf_percent                          0x000002e1   Thumb Code     0  _printf_percent.o(.ARM.Collect$$_printf_percent$$00000000)
    _printf_p                                0x000002e7   Thumb Code     0  _printf_p.o(.ARM.Collect$$_printf_percent$$00000002)
    _printf_f                                0x000002ed   Thumb Code     0  _printf_f.o(.ARM.Collect$$_printf_percent$$00000003)
    _printf_e                                0x000002f3   Thumb Code     0  _printf_e.o(.ARM.Collect$$_printf_percent$$00000004)
    _printf_g                                0x000002f9   Thumb Code     0  _printf_g.o(.ARM.Collect$$_printf_percent$$00000005)
    _printf_a                                0x000002ff   Thumb Code     0  _printf_a.o(.ARM.Collect$$_printf_percent$$00000006)
    _printf_ll                               0x00000305   Thumb Code     0  _printf_ll.o(.ARM.Collect$$_printf_percent$$00000007)
    _printf_i                                0x0000030f   Thumb Code     0  _printf_i.o(.ARM.Collect$$_printf_percent$$00000008)
    _printf_d                                0x00000315   Thumb Code     0  _printf_d.o(.ARM.Collect$$_printf_percent$$00000009)
    _printf_u                                0x0000031b   Thumb Code     0  _printf_u.o(.ARM.Collect$$_printf_percent$$0000000A)
    _printf_o                                0x00000321   Thumb Code     0  _printf_o.o(.ARM.Collect$$_printf_percent$$0000000B)
    _printf_x                                0x00000327   Thumb Code     0  _printf_x.o(.ARM.Collect$$_printf_percent$$0000000C)
    _printf_lli                              0x0000032d   Thumb Code     0  _printf_lli.o(.ARM.Collect$$_printf_percent$$0000000D)
    _printf_lld                              0x00000333   Thumb Code     0  _printf_lld.o(.ARM.Collect$$_printf_percent$$0000000E)
    _printf_llu                              0x00000339   Thumb Code     0  _printf_llu.o(.ARM.Collect$$_printf_percent$$0000000F)
    _printf_llo                              0x0000033f   Thumb Code     0  _printf_llo.o(.ARM.Collect$$_printf_percent$$00000010)
    _printf_llx                              0x00000345   Thumb Code     0  _printf_llx.o(.ARM.Collect$$_printf_percent$$00000011)
    _printf_l                                0x0000034b   Thumb Code     0  _printf_l.o(.ARM.Collect$$_printf_percent$$00000012)
    _printf_c                                0x00000355   Thumb Code     0  _printf_c.o(.ARM.Collect$$_printf_percent$$00000013)
    _printf_s                                0x0000035b   Thumb Code     0  _printf_s.o(.ARM.Collect$$_printf_percent$$00000014)
    _printf_lc                               0x00000361   Thumb Code     0  _printf_lc.o(.ARM.Collect$$_printf_percent$$00000015)
    _printf_ls                               0x00000367   Thumb Code     0  _printf_ls.o(.ARM.Collect$$_printf_percent$$00000016)
    _printf_percent_end                      0x0000036d   Thumb Code     0  _printf_percent_end.o(.ARM.Collect$$_printf_percent$$00000017)
    __rt_lib_init                            0x00000371   Thumb Code     0  libinit.o(.ARM.Collect$$libinit$$00000000)
    __rt_lib_init_fp_1                       0x00000373   Thumb Code     0  libinit2.o(.ARM.Collect$$libinit$$00000001)
    __rt_lib_init_heap_1                     0x00000377   Thumb Code     0  libinit2.o(.ARM.Collect$$libinit$$0000000A)
    __rt_lib_init_lc_common                  0x00000377   Thumb Code     0  libinit2.o(.ARM.Collect$$libinit$$0000000F)
    __rt_lib_init_preinit_1                  0x00000377   Thumb Code     0  libinit2.o(.ARM.Collect$$libinit$$00000004)
    __rt_lib_init_rand_1                     0x00000377   Thumb Code     0  libinit2.o(.ARM.Collect$$libinit$$0000000E)
    __rt_lib_init_user_alloc_1               0x00000377   Thumb Code     0  libinit2.o(.ARM.Collect$$libinit$$0000000C)
    __rt_lib_init_lc_collate_1               0x0000037d   Thumb Code     0  libinit2.o(.ARM.Collect$$libinit$$00000011)
    __rt_lib_init_lc_ctype_2                 0x0000037d   Thumb Code     0  libinit2.o(.ARM.Collect$$libinit$$00000012)
    __rt_lib_init_lc_ctype_1                 0x00000389   Thumb Code     0  libinit2.o(.ARM.Collect$$libinit$$00000013)
    __rt_lib_init_lc_monetary_1              0x00000389   Thumb Code     0  libinit2.o(.ARM.Collect$$libinit$$00000015)
    __rt_lib_init_lc_numeric_2               0x00000389   Thumb Code     0  libinit2.o(.ARM.Collect$$libinit$$00000016)
    __rt_lib_init_alloca_1                   0x00000393   Thumb Code     0  libinit2.o(.ARM.Collect$$libinit$$0000002E)
    __rt_lib_init_argv_1                     0x00000393   Thumb Code     0  libinit2.o(.ARM.Collect$$libinit$$0000002C)
    __rt_lib_init_atexit_1                   0x00000393   Thumb Code     0  libinit2.o(.ARM.Collect$$libinit$$0000001B)
    __rt_lib_init_clock_1                    0x00000393   Thumb Code     0  libinit2.o(.ARM.Collect$$libinit$$00000021)
    __rt_lib_init_cpp_1                      0x00000393   Thumb Code     0  libinit2.o(.ARM.Collect$$libinit$$00000032)
    __rt_lib_init_exceptions_1               0x00000393   Thumb Code     0  libinit2.o(.ARM.Collect$$libinit$$00000030)
    __rt_lib_init_fp_trap_1                  0x00000393   Thumb Code     0  libinit2.o(.ARM.Collect$$libinit$$0000001F)
    __rt_lib_init_getenv_1                   0x00000393   Thumb Code     0  libinit2.o(.ARM.Collect$$libinit$$00000023)
    __rt_lib_init_lc_numeric_1               0x00000393   Thumb Code     0  libinit2.o(.ARM.Collect$$libinit$$00000017)
    __rt_lib_init_lc_time_1                  0x00000393   Thumb Code     0  libinit2.o(.ARM.Collect$$libinit$$00000019)
    __rt_lib_init_return                     0x00000393   Thumb Code     0  libinit2.o(.ARM.Collect$$libinit$$00000033)
    __rt_lib_init_signal_1                   0x00000393   Thumb Code     0  libinit2.o(.ARM.Collect$$libinit$$0000001D)
    __rt_lib_init_stdio_1                    0x00000393   Thumb Code     0  libinit2.o(.ARM.Collect$$libinit$$00000025)
    __rt_lib_shutdown                        0x00000395   Thumb Code     0  libshutdown.o(.ARM.Collect$$libshutdown$$00000000)
    __rt_lib_shutdown_cpp_1                  0x00000397   Thumb Code     0  libshutdown2.o(.ARM.Collect$$libshutdown$$00000002)
    __rt_lib_shutdown_fp_trap_1              0x00000397   Thumb Code     0  libshutdown2.o(.ARM.Collect$$libshutdown$$00000007)
    __rt_lib_shutdown_heap_1                 0x00000397   Thumb Code     0  libshutdown2.o(.ARM.Collect$$libshutdown$$0000000F)
    __rt_lib_shutdown_return                 0x00000397   Thumb Code     0  libshutdown2.o(.ARM.Collect$$libshutdown$$00000010)
    __rt_lib_shutdown_signal_1               0x00000397   Thumb Code     0  libshutdown2.o(.ARM.Collect$$libshutdown$$0000000A)
    __rt_lib_shutdown_stdio_1                0x00000397   Thumb Code     0  libshutdown2.o(.ARM.Collect$$libshutdown$$00000004)
    __rt_lib_shutdown_user_alloc_1           0x00000397   Thumb Code     0  libshutdown2.o(.ARM.Collect$$libshutdown$$0000000C)
    __rt_entry                               0x00000399   Thumb Code     0  __rtentry.o(.ARM.Collect$$rtentry$$00000000)
    __rt_entry_presh_1                       0x00000399   Thumb Code     0  __rtentry2.o(.ARM.Collect$$rtentry$$00000002)
    __rt_entry_sh                            0x00000399   Thumb Code     0  __rtentry4.o(.ARM.Collect$$rtentry$$00000004)
    __rt_entry_li                            0x0000039f   Thumb Code     0  __rtentry2.o(.ARM.Collect$$rtentry$$0000000A)
    __rt_entry_postsh_1                      0x0000039f   Thumb Code     0  __rtentry2.o(.ARM.Collect$$rtentry$$00000009)
    __rt_entry_main                          0x000003a3   Thumb Code     0  __rtentry2.o(.ARM.Collect$$rtentry$$0000000D)
    __rt_entry_postli_1                      0x000003a3   Thumb Code     0  __rtentry2.o(.ARM.Collect$$rtentry$$0000000C)
    __rt_exit                                0x000003ab   Thumb Code     0  rtexit.o(.ARM.Collect$$rtexit$$00000000)
    __rt_exit_ls                             0x000003ad   Thumb Code     0  rtexit2.o(.ARM.Collect$$rtexit$$00000003)
    __rt_exit_prels_1                        0x000003ad   Thumb Code     0  rtexit2.o(.ARM.Collect$$rtexit$$00000002)
    __rt_exit_exit                           0x000003b1   Thumb Code     0  rtexit2.o(.ARM.Collect$$rtexit$$00000004)
    Reset_Handler                            0x000003b9   Thumb Code     8  startup_tm4c123.o(.text)
    NMI_Handler                              0x000003c1   Thumb Code     2  startup_tm4c123.o(.text)
    HardFault_Handler                        0x000003c3   Thumb Code     2  startup_tm4c123.o(.text)
    MemManage_Handler                        0x000003c5   Thumb Code     2  startup_tm4c123.o(.text)
    BusFault_Handler                         0x000003c7   Thumb Code     2  startup_tm4c123.o(.text)
    UsageFault_Handler                       0x000003c9   Thumb Code     2  startup_tm4c123.o(.text)
    DebugMon_Handler                         0x000003cd   Thumb Code     2  startup_tm4c123.o(.text)
    GPIOA_Handler                            0x000003d3   Thumb Code     2  startup_tm4c123.o(.text)
    GPIOB_Handler                            0x000003d5   Thumb Code     2  startup_tm4c123.o(.text)
    GPIOC_Handler                            0x000003d7   Thumb Code     2  startup_tm4c123.o(.text)
    GPIOD_Handler                            0x000003d9   Thumb Code     2  startup_tm4c123.o(.text)
    GPIOE_Handler                            0x000003db   Thumb Code     2  startup_tm4c123.o(.text)
    UART0_Handler                            0x000003dd   Thumb Code     2  startup_tm4c123.o(.text)
    UART1_Handler                            0x000003df   Thumb Code     2  startup_tm4c123.o(.text)
    SSI0_Handler                             0x000003e1   Thumb Code     2  startup_tm4c123.o(.text)
    I2C0_Handler                             0x000003e3   Thumb Code     2  startup_tm4c123.o(.text)
    PMW0_FAULT_Handler                       0x000003e5   Thumb Code     2  startup_tm4c123.o(.text)
    PWM0_0_Handler                           0x000003e7   Thumb Code     2  startup_tm4c123.o(.text)
    PWM0_1_Handler                           0x000003e9   Thumb Code     2  startup_tm4c123.o(.text)
    PWM0_2_Handler                           0x000003eb   Thumb Code     2  startup_tm4c123.o(.text)
    QEI0_Handler                             0x000003ed   Thumb Code     2  startup_tm4c123.o(.text)
    ADC0SS0_Handler                          0x000003ef   Thumb Code     2  startup_tm4c123.o(.text)
    ADC0SS1_Handler                          0x000003f1   Thumb Code     2  startup_tm4c123.o(.text)
    ADC0SS2_Handler                          0x000003f3   Thumb Code     2  startup_tm4c123.o(.text)
    ADC0SS3_Handler                          0x000003f5   Thumb Code     2  startup_tm4c123.o(.text)
    WDT0_Handler                             0x000003f7   Thumb Code     2  startup_tm4c123.o(.text)
    TIMER0A_Handler                          0x000003f9   Thumb Code     2  startup_tm4c123.o(.text)
    TIMER0B_Handler                          0x000003fb   Thumb Code     2  startup_tm4c123.o(.text)
    TIMER1A_Handler                          0x000003fd   Thumb Code     2  startup_tm4c123.o(.text)
    TIMER1B_Handler                          0x000003ff   Thumb Code     2  startup_tm4c123.o(.text)
    TIMER2A_Handler                          0x00000401   Thumb Code     2  startup_tm4c123.o(.text)
    TIMER2B_Handler                          0x00000403   Thumb Code     2  startup_tm4c123.o(.text)
    COMP0_Handler                            0x00000405   Thumb Code     2  startup_tm4c123.o(.text)
    COMP1_Handler                            0x00000407   Thumb Code     2  startup_tm4c123.o(.text)
    COMP2_Handler                            0x00000409   Thumb Code     2  startup_tm4c123.o(.text)
    SYSCTL_Handler                           0x0000040b   Thumb Code     2  startup_tm4c123.o(.text)
    FLASH_Handler                            0x0000040d   Thumb Code     2  startup_tm4c123.o(.text)
    GPIOF_Handler                            0x0000040f   Thumb Code     2  startup_tm4c123.o(.text)
    GPIOG_Handler                            0x00000411   Thumb Code     2  startup_tm4c123.o(.text)
    GPIOH_Handler                            0x00000413   Thumb Code     2  startup_tm4c123.o(.text)
    UART2_Handler                            0x00000415   Thumb Code     2  startup_tm4c123.o(.text)
    SSI1_Handler                             0x00000417   Thumb Code     2  startup_tm4c123.o(.text)
    TIMER3A_Handler                          0x00000419   Thumb Code     2  startup_tm4c123.o(.text)
    TIMER3B_Handler                          0x0000041b   Thumb Code     2  startup_tm4c123.o(.text)
    I2C1_Handler                             0x0000041d   Thumb Code     2  startup_tm4c123.o(.text)
    QEI1_Handler                             0x0000041f   Thumb Code     2  startup_tm4c123.o(.text)
    CAN0_Handler                             0x00000421   Thumb Code     2  startup_tm4c123.o(.text)
    CAN1_Handler                             0x00000423   Thumb Code     2  startup_tm4c123.o(.text)
    CAN2_Handler                             0x00000425   Thumb Code     2  startup_tm4c123.o(.text)
    HIB_Handler                              0x00000427   Thumb Code     2  startup_tm4c123.o(.text)
    USB0_Handler                             0x00000429   Thumb Code     2  startup_tm4c123.o(.text)
    PWM0_3_Handler                           0x0000042b   Thumb Code     2  startup_tm4c123.o(.text)
    UDMA_Handler                             0x0000042d   Thumb Code     2  startup_tm4c123.o(.text)
    UDMAERR_Handler                          0x0000042f   Thumb Code     2  startup_tm4c123.o(.text)
    ADC1SS0_Handler                          0x00000431   Thumb Code     2  startup_tm4c123.o(.text)
    ADC1SS1_Handler                          0x00000433   Thumb Code     2  startup_tm4c123.o(.text)
    ADC1SS2_Handler                          0x00000435   Thumb Code     2  startup_tm4c123.o(.text)
    ADC1SS3_Handler                          0x00000437   Thumb Code     2  startup_tm4c123.o(.text)
    GPIOJ_Handler                            0x00000439   Thumb Code     2  startup_tm4c123.o(.text)
    GPIOK_Handler                            0x0000043b   Thumb Code     2  startup_tm4c123.o(.text)
    GPIOL_Handler                            0x0000043d   Thumb Code     2  startup_tm4c123.o(.text)
    SSI2_Handler                             0x0000043f   Thumb Code     2  startup_tm4c123.o(.text)
    SSI3_Handler                             0x00000441   Thumb Code     2  startup_tm4c123.o(.text)
    UART3_Handler                            0x00000443   Thumb Code     2  startup_tm4c123.o(.text)
    UART4_Handler                            0x00000445   Thumb Code     2  startup_tm4c123.o(.text)
    UART5_Handler                            0x00000447   Thumb Code     2  startup_tm4c123.o(.text)
    UART6_Handler                            0x00000449   Thumb Code     2  startup_tm4c123.o(.text)
    UART7_Handler                            0x0000044b   Thumb Code     2  startup_tm4c123.o(.text)
    I2C2_Handler                             0x0000044d   Thumb Code     2  startup_tm4c123.o(.text)
    I2C3_Handler                             0x0000044f   Thumb Code     2  startup_tm4c123.o(.text)
    TIMER4A_Handler                          0x00000451   Thumb Code     2  startup_tm4c123.o(.text)
    TIMER4B_Handler                          0x00000453   Thumb Code     2  startup_tm4c123.o(.text)
    TIMER5A_Handler                          0x00000455   Thumb Code     2  startup_tm4c123.o(.text)
    TIMER5B_Handler                          0x00000457   Thumb Code     2  startup_tm4c123.o(.text)
    WTIMER0A_Handler                         0x00000459   Thumb Code     2  startup_tm4c123.o(.text)
    WTIMER0B_Handler                         0x0000045b   Thumb Code     2  startup_tm4c123.o(.text)
    WTIMER1A_Handler                         0x0000045d   Thumb Code     2  startup_tm4c123.o(.text)
    WTIMER1B_Handler                         0x0000045f   Thumb Code     2  startup_tm4c123.o(.text)
    WTIMER2A_Handler                         0x00000461   Thumb Code     2  startup_tm4c123.o(.text)
    WTIMER2B_Handler                         0x00000463   Thumb Code     2  startup_tm4c123.o(.text)
    WTIMER3A_Handler                         0x00000465   Thumb Code     2  startup_tm4c123.o(.text)
    WTIMER3B_Handler                         0x00000467   Thumb Code     2  startup_tm4c123.o(.text)
    WTIMER4A_Handler                         0x00000469   Thumb Code     2  startup_tm4c123.o(.text)
    WTIMER4B_Handler                         0x0000046b   Thumb Code     2  startup_tm4c123.o(.text)
    WTIMER5A_Handler                         0x0000046d   Thumb Code     2  startup_tm4c123.o(.text)
    WTIMER5B_Handler                         0x0000046f   Thumb Code     2  startup_tm4c123.o(.text)
    FPU_Handler                              0x00000471   Thumb Code     2  startup_tm4c123.o(.text)
    I2C4_Handler                             0x00000473   Thumb Code     2  startup_tm4c123.o(.text)
    I2C5_Handler                             0x00000475   Thumb Code     2  startup_tm4c123.o(.text)
    GPIOM_Handler                            0x00000477   Thumb Code     2  startup_tm4c123.o(.text)
    GPION_Handler                            0x00000479   Thumb Code     2  startup_tm4c123.o(.text)
    QEI2_Handler                             0x0000047b   Thumb Code     2  startup_tm4c123.o(.text)
    GPIOP0_Handler                           0x0000047d   Thumb Code     2  startup_tm4c123.o(.text)
    GPIOP1_Handler                           0x0000047f   Thumb Code     2  startup_tm4c123.o(.text)
    GPIOP2_Handler                           0x00000481   Thumb Code     2  startup_tm4c123.o(.text)
    GPIOP3_Handler                           0x00000483   Thumb Code     2  startup_tm4c123.o(.text)
    GPIOP4_Handler                           0x00000485   Thumb Code     2  startup_tm4c123.o(.text)
    GPIOP5_Handler                           0x00000487   Thumb Code     2  startup_tm4c123.o(.text)
    GPIOP6_Handler                           0x00000489   Thumb Code     2  startup_tm4c123.o(.text)
    GPIOP7_Handler                           0x0000048b   Thumb Code     2  startup_tm4c123.o(.text)
    GPIOQ0_Handler                           0x0000048d   Thumb Code     2  startup_tm4c123.o(.text)
    GPIOQ1_Handler                           0x0000048f   Thumb Code     2  startup_tm4c123.o(.text)
    GPIOQ2_Handler                           0x00000491   Thumb Code     2  startup_tm4c123.o(.text)
    GPIOQ3_Handler                           0x00000493   Thumb Code     2  startup_tm4c123.o(.text)
    GPIOQ4_Handler                           0x00000495   Thumb Code     2  startup_tm4c123.o(.text)
    GPIOQ5_Handler                           0x00000497   Thumb Code     2  startup_tm4c123.o(.text)
    GPIOQ6_Handler                           0x00000499   Thumb Code     2  startup_tm4c123.o(.text)
    GPIOQ7_Handler                           0x0000049b   Thumb Code     2  startup_tm4c123.o(.text)
    GPIOR_Handler                            0x0000049d   Thumb Code     2  startup_tm4c123.o(.text)
    GPIOS_Handler                            0x0000049f   Thumb Code     2  startup_tm4c123.o(.text)
    PMW1_0_Handler                           0x000004a1   Thumb Code     2  startup_tm4c123.o(.text)
    PWM1_1_Handler                           0x000004a3   Thumb Code     2  startup_tm4c123.o(.text)
    PWM1_2_Handler                           0x000004a5   Thumb Code     2  startup_tm4c123.o(.text)
    PWM1_3_Handler                           0x000004a7   Thumb Code     2  startup_tm4c123.o(.text)
    PWM1_FAULT_Handler                       0x000004a9   Thumb Code     2  startup_tm4c123.o(.text)
    __user_initial_stackheap                 0x000004ad   Thumb Code     0  startup_tm4c123.o(.text)
    sprintf                                  0x000004cd   Thumb Code    38  sprintf.o(.text)
    __aeabi_memcpy                           0x000004f9   Thumb Code     0  rt_memcpy_v6.o(.text)
    __rt_memcpy                              0x000004f9   Thumb Code   138  rt_memcpy_v6.o(.text)
    _memcpy_lastbytes                        0x0000055f   Thumb Code     0  rt_memcpy_v6.o(.text)
    __aeabi_memset4                          0x00000583   Thumb Code    16  aeabi_memset4.o(.text)
    __aeabi_memset8                          0x00000583   Thumb Code     0  aeabi_memset4.o(.text)
    __use_two_region_memory                  0x00000593   Thumb Code     2  heapauxi.o(.text)
    __rt_heap_escrow$2region                 0x00000595   Thumb Code     2  heapauxi.o(.text)
    __rt_heap_expand$2region                 0x00000597   Thumb Code     2  heapauxi.o(.text)
    _printf_pre_padding                      0x00000599   Thumb Code    44  _printf_pad.o(.text)
    _printf_post_padding                     0x000005c5   Thumb Code    34  _printf_pad.o(.text)
    _printf_truncate_signed                  0x000005e7   Thumb Code    18  _printf_truncate.o(.text)
    _printf_truncate_unsigned                0x000005f9   Thumb Code    18  _printf_truncate.o(.text)
    _printf_str                              0x0000060b   Thumb Code    82  _printf_str.o(.text)
    _printf_int_dec                          0x0000065d   Thumb Code   104  _printf_dec.o(.text)
    _printf_charcount                        0x000006d5   Thumb Code    40  _printf_charcount.o(.text)
    _printf_char_common                      0x00000707   Thumb Code    32  _printf_char_common.o(.text)
    _sputc                                   0x0000072d   Thumb Code    10  _sputc.o(.text)
    _printf_wctomb                           0x00000739   Thumb Code   182  _printf_wctomb.o(.text)
    _printf_longlong_dec                     0x000007f5   Thumb Code   108  _printf_longlong_dec.o(.text)
    _printf_longlong_oct                     0x00000871   Thumb Code    68  _printf_oct_int_ll.o(.text)
    _printf_int_oct                          0x000008b5   Thumb Code    24  _printf_oct_int_ll.o(.text)
    _printf_ll_oct                           0x000008cd   Thumb Code    12  _printf_oct_int_ll.o(.text)
    _printf_longlong_hex                     0x000008e1   Thumb Code    86  _printf_hex_int_ll_ptr.o(.text)
    _printf_int_hex                          0x00000937   Thumb Code    28  _printf_hex_int_ll_ptr.o(.text)
    _printf_ll_hex                           0x00000953   Thumb Code    12  _printf_hex_int_ll_ptr.o(.text)
    _printf_hex_ptr                          0x0000095f   Thumb Code    18  _printf_hex_int_ll_ptr.o(.text)
    __printf                                 0x00000975   Thumb Code   388  __printf_flags_ss_wp.o(.text)
    __aeabi_memcpy4                          0x00000afd   Thumb Code     0  rt_memcpy_w.o(.text)
    __aeabi_memcpy8                          0x00000afd   Thumb Code     0  rt_memcpy_w.o(.text)
    __rt_memcpy_w                            0x00000afd   Thumb Code   100  rt_memcpy_w.o(.text)
    _memcpy_lastbytes_aligned                0x00000b45   Thumb Code     0  rt_memcpy_w.o(.text)
    __aeabi_memclr4                          0x00000b61   Thumb Code     0  rt_memclr_w.o(.text)
    __aeabi_memclr8                          0x00000b61   Thumb Code     0  rt_memclr_w.o(.text)
    __rt_memclr_w                            0x00000b61   Thumb Code     0  rt_memclr_w.o(.text)
    _memset_w                                0x00000b65   Thumb Code    74  rt_memclr_w.o(.text)
    _ll_udiv10                               0x00000baf   Thumb Code   138  lludiv10.o(.text)
    _printf_int_common                       0x00000c39   Thumb Code   178  _printf_intcommon.o(.text)
    _printf_fp_dec_real                      0x00000e9b   Thumb Code   620  _printf_fp_dec.o(.text)
    _printf_fp_hex_real                      0x00001109   Thumb Code   756  _printf_fp_hex.o(.text)
    _printf_cs_common                        0x00001405   Thumb Code    20  _printf_char.o(.text)
    _printf_char                             0x00001419   Thumb Code    16  _printf_char.o(.text)
    _printf_string                           0x00001429   Thumb Code     8  _printf_char.o(.text)
    _printf_lcs_common                       0x00001431   Thumb Code    20  _printf_wchar.o(.text)
    _printf_wchar                            0x00001445   Thumb Code    16  _printf_wchar.o(.text)
    _printf_wstring                          0x00001455   Thumb Code     8  _printf_wchar.o(.text)
    _c16rtomb                                0x0000145d   Thumb Code    72  _c16rtomb.o(.text)
    _wcrtomb                                 0x0000145d   Thumb Code     0  _c16rtomb.o(.text)
    __user_setup_stackheap                   0x000014a5   Thumb Code    74  sys_stackheap_outer.o(.text)
    __rt_ctype_table                         0x000014f1   Thumb Code    16  rt_ctype_table.o(.text)
    __rt_locale                              0x00001501   Thumb Code     8  rt_locale_intlibspace.o(.text)
    _printf_fp_infnan                        0x00001509   Thumb Code   112  _printf_fp_infnan.o(.text)
    _btod_etento                             0x00001589   Thumb Code   224  bigflt0.o(.text)
    exit                                     0x0000166d   Thumb Code    18  exit.o(.text)
    __user_libspace                          0x00001681   Thumb Code     8  libspace.o(.text)
    __user_perproc_libspace                  0x00001681   Thumb Code     0  libspace.o(.text)
    __user_perthread_libspace                0x00001681   Thumb Code     0  libspace.o(.text)
    strcmp                                   0x00001689   Thumb Code   124  strcmpv7em.o(.text)
    _sys_exit                                0x00001705   Thumb Code     8  sys_exit.o(.text)
    __I$use$semihosting                      0x00001711   Thumb Code     0  use_no_semi.o(.text)
    __use_no_semihosting_swi                 0x00001711   Thumb Code     2  use_no_semi.o(.text)
    __semihosting_library_function           0x00001713   Thumb Code     0  indicate_semi.o(.text)
    Delay_MS                                 0x00001759   Thumb Code    64  lcd_o.o(.text.Delay_MS)
    Delay_MS_2                               0x00001799   Thumb Code    98  temp.o(.text.Delay_MS_2)
    Delay_US                                 0x000017fd   Thumb Code    96  lcd_o.o(.text.Delay_US)
    LCD_clearScreen                          0x0000185d   Thumb Code    10  lcd_o.o(.text.LCD_clearScreen)
    LCD_displayCharacter                     0x00001869   Thumb Code   180  lcd_o.o(.text.LCD_displayCharacter)
    LCD_displayString                        0x0000191d   Thumb Code    36  lcd_o.o(.text.LCD_displayString)
    LCD_goToRowColumn                        0x00001941   Thumb Code    96  lcd_o.o(.text.LCD_goToRowColumn)
    LCD_init                                 0x000019a1   Thumb Code   100  lcd_o.o(.text.LCD_init)
    LCD_sendCommand                          0x00001a05   Thumb Code   108  lcd_o.o(.text.LCD_sendCommand)
    PendSV_Handler                           0x00001b01   Thumb Code   100  port.o(.text.PendSV_Handler)
    SVC_Handler                              0x00001b71   Thumb Code    36  port.o(.text.SVC_Handler)
    SysTick_Handler                          0x00001b95   Thumb Code    60  port.o(.text.SysTick_Handler)
    SystemInit                               0x00001bd1   Thumb Code    18  system_tm4c123.o(.text.SystemInit)
    TEMP_init                                0x00001be5   Thumb Code   166  temp.o(.text.TEMP_init)
    TEMP_read                                0x00001c91   Thumb Code   232  temp.o(.text.TEMP_read)
    UART0_Read                               0x00001d79   Thumb Code    46  main.o(.text.UART0_Read)
    UART0_Transmitter                        0x00001da9   Thumb Code    46  main.o(.text.UART0_Transmitter)
    main                                     0x00001e4d   Thumb Code   442  main.o(.text.main)
    printstring                              0x000020e9   Thumb Code    34  main.o(.text.printstring)
    pvPortMalloc                             0x00002a15   Thumb Code   192  heap_1.o(.text.pvPortMalloc)
    pxPortInitialiseStack                    0x00002ad5   Thumb Code    94  port.o(.text.pxPortInitialiseStack)
    uxListRemove                             0x00002b35   Thumb Code    72  list.o(.text.uxListRemove)
    vListInitialise                          0x00002b7d   Thumb Code    46  list.o(.text.vListInitialise)
    vListInitialiseItem                      0x00002bad   Thumb Code    14  list.o(.text.vListInitialiseItem)
    vListInsert                              0x00002bbd   Thumb Code   106  list.o(.text.vListInsert)
    vPortEnterCritical                       0x00002c3d   Thumb Code    86  port.o(.text.vPortEnterCritical)
    vPortExitCritical                        0x00002c95   Thumb Code    74  port.o(.text.vPortExitCritical)
    vPortFree                                0x00002ce1   Thumb Code    36  heap_1.o(.text.vPortFree)
    vPortSetupTimerInterrupt                 0x00002d05   Thumb Code    68  port.o(.text.vPortSetupTimerInterrupt)
    vTaskDelay                               0x00002d49   Thumb Code   110  tasks.o(.text.vTaskDelay)
    vTaskInternalSetTimeOutState             0x00002db9   Thumb Code    36  tasks.o(.text.vTaskInternalSetTimeOutState)
    vTaskMissedYield                         0x00002ddd   Thumb Code    14  tasks.o(.text.vTaskMissedYield)
    vTaskPlaceOnEventList                    0x00002ded   Thumb Code    66  tasks.o(.text.vTaskPlaceOnEventList)
    vTaskStartScheduler                      0x00002e31   Thumb Code   170  tasks.o(.text.vTaskStartScheduler)
    vTaskSuspendAll                          0x00002edd   Thumb Code    16  tasks.o(.text.vTaskSuspendAll)
    vTaskSwitchContext                       0x00002eed   Thumb Code   190  tasks.o(.text.vTaskSwitchContext)
    xPortStartScheduler                      0x00002fad   Thumb Code   380  port.o(.text.xPortStartScheduler)
    xQueueGenericCreate                      0x00003129   Thumb Code   154  queue.o(.text.xQueueGenericCreate)
    xQueueGenericReset                       0x000031c5   Thumb Code   264  queue.o(.text.xQueueGenericReset)
    xQueueGenericSend                        0x000032cd   Thumb Code   628  queue.o(.text.xQueueGenericSend)
    xQueueReceive                            0x00003541   Thumb Code   476  queue.o(.text.xQueueReceive)
    xTaskCheckForTimeOut                     0x0000371d   Thumb Code   252  tasks.o(.text.xTaskCheckForTimeOut)
    xTaskCreate                              0x00003819   Thumb Code   152  tasks.o(.text.xTaskCreate)
    xTaskGetSchedulerState                   0x000038b1   Thumb Code    56  tasks.o(.text.xTaskGetSchedulerState)
    xTaskIncrementTick                       0x000038e9   Thumb Code   608  tasks.o(.text.xTaskIncrementTick)
    xTaskPriorityDisinherit                  0x00003b49   Thumb Code   312  tasks.o(.text.xTaskPriorityDisinherit)
    xTaskRemoveFromEventList                 0x00003c81   Thumb Code   396  tasks.o(.text.xTaskRemoveFromEventList)
    xTaskResumeAll                           0x00003e0d   Thumb Code   546  tasks.o(.text.xTaskResumeAll)
    _btod_d2e                                0x0000402f   Thumb Code    62  btod.o(CL$$btod_d2e)
    _d2e_denorm_low                          0x0000406d   Thumb Code    70  btod.o(CL$$btod_d2e_denorm_low)
    _d2e_norm_op1                            0x000040b3   Thumb Code    96  btod.o(CL$$btod_d2e_norm_op1)
    __btod_div_common                        0x00004115   Thumb Code   696  btod.o(CL$$btod_div_common)
    _e2e                                     0x0000444d   Thumb Code   220  btod.o(CL$$btod_e2e)
    _btod_ediv                               0x00004529   Thumb Code    42  btod.o(CL$$btod_ediv)
    _btod_emul                               0x00004553   Thumb Code    42  btod.o(CL$$btod_emul)
    __btod_mult_common                       0x0000457d   Thumb Code   580  btod.o(CL$$btod_mult_common)
    __ARM_fpclassify                         0x000047c1   Thumb Code    48  fpclassify.o(i.__ARM_fpclassify)
    _is_digit                                0x000047f1   Thumb Code    14  __printf_wp.o(i._is_digit)
    _get_lc_numeric                          0x00004801   Thumb Code    44  lc_numeric_c.o(locale$$code)
    _get_lc_ctype                            0x0000482d   Thumb Code    44  lc_ctype_c.o(locale$$code)
    __aeabi_d2f                              0x00004859   Thumb Code     0  d2f.o(x$fpl$d2f)
    _d2f                                     0x00004859   Thumb Code    98  d2f.o(x$fpl$d2f)
    __aeabi_dadd                             0x000048bd   Thumb Code     0  daddsub_clz.o(x$fpl$dadd)
    _dadd                                    0x000048bd   Thumb Code   332  daddsub_clz.o(x$fpl$dadd)
    __aeabi_ddiv                             0x00004a0d   Thumb Code     0  ddiv.o(x$fpl$ddiv)
    _ddiv                                    0x00004a0d   Thumb Code   556  ddiv.o(x$fpl$ddiv)
    __aeabi_ui2d                             0x00004cc1   Thumb Code     0  dflt_clz.o(x$fpl$dfltu)
    _dfltu                                   0x00004cc1   Thumb Code    38  dflt_clz.o(x$fpl$dfltu)
    __aeabi_dmul                             0x00004ce9   Thumb Code     0  dmul.o(x$fpl$dmul)
    _dmul                                    0x00004ce9   Thumb Code   332  dmul.o(x$fpl$dmul)
    __fpl_dnaninf                            0x00004e3d   Thumb Code   156  dnaninf.o(x$fpl$dnaninf)
    __fpl_dretinf                            0x00004ed9   Thumb Code    12  dretinf.o(x$fpl$dretinf)
    __aeabi_dsub                             0x00004ee5   Thumb Code     0  daddsub_clz.o(x$fpl$dsub)
    _dsub                                    0x00004ee5   Thumb Code   472  daddsub_clz.o(x$fpl$dsub)
    __aeabi_f2d                              0x000050c1   Thumb Code     0  f2d.o(x$fpl$f2d)
    _f2d                                     0x000050c1   Thumb Code    86  f2d.o(x$fpl$f2d)
    __fpl_fnaninf                            0x00005117   Thumb Code   140  fnaninf.o(x$fpl$fnaninf)
    _fp_init                                 0x000051a3   Thumb Code    26  fpinit.o(x$fpl$fpinit)
    __fplib_config_fpu_vfp                   0x000051bb   Thumb Code     0  fpinit.o(x$fpl$fpinit)
    __fplib_config_pureend_doubles           0x000051bb   Thumb Code     0  fpinit.o(x$fpl$fpinit)
    __fpl_fretinf                            0x000051bd   Thumb Code    10  fretinf.o(x$fpl$fretinf)
    _printf_fp_dec                           0x000051c7   Thumb Code     4  printf1.o(x$fpl$printf1)
    _printf_fp_hex                           0x000051cb   Thumb Code     4  printf2.o(x$fpl$printf2)
    __I$use$fp                               0x000051ce   Number         0  usenofp.o(x$fpl$usenofp)
    uxTopUsedPriority                        0x00005378   Data           4  tasks.o(.rodata.uxTopUsedPriority)
    Region$$Table$$Base                      0x0000537c   Number         0  anon$$obj.o(Region$$Table)
    Region$$Table$$Limit                     0x0000539c   Number         0  anon$$obj.o(Region$$Table)
    __ctype                                  0x000053c5   Data           0  lc_ctype_c.o(locale$$data)
    SystemCoreClock                          0x20000000   Data           4  system_tm4c123.o(.data.SystemCoreClock)
    __libspace_start                         0x20000008   Data          96  libspace.o(.bss)
    __temporary_stack_top$libspace           0x20000068   Data           0  libspace.o(.bss)
    adc_value                                0x20000068   Data           4  temp.o(.bss.adc_value)
    mv                                       0x2000006c   Data           4  temp.o(.bss.mv)
    pxCurrentTCB                             0x20000074   Data           4  tasks.o(.bss.pxCurrentTCB)
    xLCDQueue                                0x2000283c   Data           4  main.o(.bss.xLCDQueue)
    xLEDALARMQueue                           0x20002840   Data           4  main.o(.bss.xLEDALARMQueue)
    xUARTQueue                               0x20002898   Data           4  main.o(.bss.xUARTQueue)



==============================================================================

Memory Map of the image

  Image Entry point : 0x0000026d

  Load Region LR_IROM1 (Base: 0x00000000, Size: 0x000054d0, Max: 0x00040000, ABSOLUTE)

    Execution Region ER_IROM1 (Exec base: 0x00000000, Load base: 0x00000000, Size: 0x000054c8, Max: 0x00040000, ABSOLUTE)

    Exec Addr    Load Addr    Size         Type   Attr      Idx    E Section Name        Object

    0x00000000   0x00000000   0x0000026c   Data   RO           71    RESET               startup_tm4c123.o
    0x0000026c   0x0000026c   0x00000008   Code   RO          421  * !!!main             c_w.l(__main.o)
    0x00000274   0x00000274   0x00000034   Code   RO          790    !!!scatter          c_w.l(__scatter.o)
    0x000002a8   0x000002a8   0x0000001a   Code   RO          792    !!handler_copy      c_w.l(__scatter_copy.o)
    0x000002c2   0x000002c2   0x00000002   PAD
    0x000002c4   0x000002c4   0x0000001c   Code   RO          794    !!handler_zi        c_w.l(__scatter_zi.o)
    0x000002e0   0x000002e0   0x00000000   Code   RO          527    .ARM.Collect$$_printf_percent$$00000000  c_w.l(_printf_percent.o)
    0x000002e0   0x000002e0   0x00000006   Code   RO          516    .ARM.Collect$$_printf_percent$$00000001  c_w.l(_printf_n.o)
    0x000002e6   0x000002e6   0x00000006   Code   RO          518    .ARM.Collect$$_printf_percent$$00000002  c_w.l(_printf_p.o)
    0x000002ec   0x000002ec   0x00000006   Code   RO          523    .ARM.Collect$$_printf_percent$$00000003  c_w.l(_printf_f.o)
    0x000002f2   0x000002f2   0x00000006   Code   RO          524    .ARM.Collect$$_printf_percent$$00000004  c_w.l(_printf_e.o)
    0x000002f8   0x000002f8   0x00000006   Code   RO          525    .ARM.Collect$$_printf_percent$$00000005  c_w.l(_printf_g.o)
    0x000002fe   0x000002fe   0x00000006   Code   RO          526    .ARM.Collect$$_printf_percent$$00000006  c_w.l(_printf_a.o)
    0x00000304   0x00000304   0x0000000a   Code   RO          531    .ARM.Collect$$_printf_percent$$00000007  c_w.l(_printf_ll.o)
    0x0000030e   0x0000030e   0x00000006   Code   RO          520    .ARM.Collect$$_printf_percent$$00000008  c_w.l(_printf_i.o)
    0x00000314   0x00000314   0x00000006   Code   RO          521    .ARM.Collect$$_printf_percent$$00000009  c_w.l(_printf_d.o)
    0x0000031a   0x0000031a   0x00000006   Code   RO          522    .ARM.Collect$$_printf_percent$$0000000A  c_w.l(_printf_u.o)
    0x00000320   0x00000320   0x00000006   Code   RO          519    .ARM.Collect$$_printf_percent$$0000000B  c_w.l(_printf_o.o)
    0x00000326   0x00000326   0x00000006   Code   RO          517    .ARM.Collect$$_printf_percent$$0000000C  c_w.l(_printf_x.o)
    0x0000032c   0x0000032c   0x00000006   Code   RO          528    .ARM.Collect$$_printf_percent$$0000000D  c_w.l(_printf_lli.o)
    0x00000332   0x00000332   0x00000006   Code   RO          529    .ARM.Collect$$_printf_percent$$0000000E  c_w.l(_printf_lld.o)
    0x00000338   0x00000338   0x00000006   Code   RO          530    .ARM.Collect$$_printf_percent$$0000000F  c_w.l(_printf_llu.o)
    0x0000033e   0x0000033e   0x00000006   Code   RO          535    .ARM.Collect$$_printf_percent$$00000010  c_w.l(_printf_llo.o)
    0x00000344   0x00000344   0x00000006   Code   RO          536    .ARM.Collect$$_printf_percent$$00000011  c_w.l(_printf_llx.o)
    0x0000034a   0x0000034a   0x0000000a   Code   RO          532    .ARM.Collect$$_printf_percent$$00000012  c_w.l(_printf_l.o)
    0x00000354   0x00000354   0x00000006   Code   RO          514    .ARM.Collect$$_printf_percent$$00000013  c_w.l(_printf_c.o)
    0x0000035a   0x0000035a   0x00000006   Code   RO          515    .ARM.Collect$$_printf_percent$$00000014  c_w.l(_printf_s.o)
    0x00000360   0x00000360   0x00000006   Code   RO          533    .ARM.Collect$$_printf_percent$$00000015  c_w.l(_printf_lc.o)
    0x00000366   0x00000366   0x00000006   Code   RO          534    .ARM.Collect$$_printf_percent$$00000016  c_w.l(_printf_ls.o)
    0x0000036c   0x0000036c   0x00000004   Code   RO          590    .ARM.Collect$$_printf_percent$$00000017  c_w.l(_printf_percent_end.o)
    0x00000370   0x00000370   0x00000002   Code   RO          641    .ARM.Collect$$libinit$$00000000  c_w.l(libinit.o)
    0x00000372   0x00000372   0x00000004   Code   RO          658    .ARM.Collect$$libinit$$00000001  c_w.l(libinit2.o)
    0x00000376   0x00000376   0x00000000   Code   RO          661    .ARM.Collect$$libinit$$00000004  c_w.l(libinit2.o)
    0x00000376   0x00000376   0x00000000   Code   RO          664    .ARM.Collect$$libinit$$0000000A  c_w.l(libinit2.o)
    0x00000376   0x00000376   0x00000000   Code   RO          666    .ARM.Collect$$libinit$$0000000C  c_w.l(libinit2.o)
    0x00000376   0x00000376   0x00000000   Code   RO          668    .ARM.Collect$$libinit$$0000000E  c_w.l(libinit2.o)
    0x00000376   0x00000376   0x00000006   Code   RO          669    .ARM.Collect$$libinit$$0000000F  c_w.l(libinit2.o)
    0x0000037c   0x0000037c   0x00000000   Code   RO          671    .ARM.Collect$$libinit$$00000011  c_w.l(libinit2.o)
    0x0000037c   0x0000037c   0x0000000c   Code   RO          672    .ARM.Collect$$libinit$$00000012  c_w.l(libinit2.o)
    0x00000388   0x00000388   0x00000000   Code   RO          673    .ARM.Collect$$libinit$$00000013  c_w.l(libinit2.o)
    0x00000388   0x00000388   0x00000000   Code   RO          675    .ARM.Collect$$libinit$$00000015  c_w.l(libinit2.o)
    0x00000388   0x00000388   0x0000000a   Code   RO          676    .ARM.Collect$$libinit$$00000016  c_w.l(libinit2.o)
    0x00000392   0x00000392   0x00000000   Code   RO          677    .ARM.Collect$$libinit$$00000017  c_w.l(libinit2.o)
    0x00000392   0x00000392   0x00000000   Code   RO          679    .ARM.Collect$$libinit$$00000019  c_w.l(libinit2.o)
    0x00000392   0x00000392   0x00000000   Code   RO          681    .ARM.Collect$$libinit$$0000001B  c_w.l(libinit2.o)
    0x00000392   0x00000392   0x00000000   Code   RO          683    .ARM.Collect$$libinit$$0000001D  c_w.l(libinit2.o)
    0x00000392   0x00000392   0x00000000   Code   RO          685    .ARM.Collect$$libinit$$0000001F  c_w.l(libinit2.o)
    0x00000392   0x00000392   0x00000000   Code   RO          687    .ARM.Collect$$libinit$$00000021  c_w.l(libinit2.o)
    0x00000392   0x00000392   0x00000000   Code   RO          689    .ARM.Collect$$libinit$$00000023  c_w.l(libinit2.o)
    0x00000392   0x00000392   0x00000000   Code   RO          691    .ARM.Collect$$libinit$$00000025  c_w.l(libinit2.o)
    0x00000392   0x00000392   0x00000000   Code   RO          695    .ARM.Collect$$libinit$$0000002C  c_w.l(libinit2.o)
    0x00000392   0x00000392   0x00000000   Code   RO          697    .ARM.Collect$$libinit$$0000002E  c_w.l(libinit2.o)
    0x00000392   0x00000392   0x00000000   Code   RO          699    .ARM.Collect$$libinit$$00000030  c_w.l(libinit2.o)
    0x00000392   0x00000392   0x00000000   Code   RO          701    .ARM.Collect$$libinit$$00000032  c_w.l(libinit2.o)
    0x00000392   0x00000392   0x00000002   Code   RO          702    .ARM.Collect$$libinit$$00000033  c_w.l(libinit2.o)
    0x00000394   0x00000394   0x00000002   Code   RO          726    .ARM.Collect$$libshutdown$$00000000  c_w.l(libshutdown.o)
    0x00000396   0x00000396   0x00000000   Code   RO          741    .ARM.Collect$$libshutdown$$00000002  c_w.l(libshutdown2.o)
    0x00000396   0x00000396   0x00000000   Code   RO          743    .ARM.Collect$$libshutdown$$00000004  c_w.l(libshutdown2.o)
    0x00000396   0x00000396   0x00000000   Code   RO          746    .ARM.Collect$$libshutdown$$00000007  c_w.l(libshutdown2.o)
    0x00000396   0x00000396   0x00000000   Code   RO          749    .ARM.Collect$$libshutdown$$0000000A  c_w.l(libshutdown2.o)
    0x00000396   0x00000396   0x00000000   Code   RO          751    .ARM.Collect$$libshutdown$$0000000C  c_w.l(libshutdown2.o)
    0x00000396   0x00000396   0x00000000   Code   RO          754    .ARM.Collect$$libshutdown$$0000000F  c_w.l(libshutdown2.o)
    0x00000396   0x00000396   0x00000002   Code   RO          755    .ARM.Collect$$libshutdown$$00000010  c_w.l(libshutdown2.o)
    0x00000398   0x00000398   0x00000000   Code   RO          445    .ARM.Collect$$rtentry$$00000000  c_w.l(__rtentry.o)
    0x00000398   0x00000398   0x00000000   Code   RO          559    .ARM.Collect$$rtentry$$00000002  c_w.l(__rtentry2.o)
    0x00000398   0x00000398   0x00000006   Code   RO          571    .ARM.Collect$$rtentry$$00000004  c_w.l(__rtentry4.o)
    0x0000039e   0x0000039e   0x00000000   Code   RO          561    .ARM.Collect$$rtentry$$00000009  c_w.l(__rtentry2.o)
    0x0000039e   0x0000039e   0x00000004   Code   RO          562    .ARM.Collect$$rtentry$$0000000A  c_w.l(__rtentry2.o)
    0x000003a2   0x000003a2   0x00000000   Code   RO          564    .ARM.Collect$$rtentry$$0000000C  c_w.l(__rtentry2.o)
    0x000003a2   0x000003a2   0x00000008   Code   RO          565    .ARM.Collect$$rtentry$$0000000D  c_w.l(__rtentry2.o)
    0x000003aa   0x000003aa   0x00000002   Code   RO          649    .ARM.Collect$$rtexit$$00000000  c_w.l(rtexit.o)
    0x000003ac   0x000003ac   0x00000000   Code   RO          704    .ARM.Collect$$rtexit$$00000002  c_w.l(rtexit2.o)
    0x000003ac   0x000003ac   0x00000004   Code   RO          705    .ARM.Collect$$rtexit$$00000003  c_w.l(rtexit2.o)
    0x000003b0   0x000003b0   0x00000006   Code   RO          706    .ARM.Collect$$rtexit$$00000004  c_w.l(rtexit2.o)
    0x000003b6   0x000003b6   0x00000002   PAD
    0x000003b8   0x000003b8   0x00000114   Code   RO           72    .text               startup_tm4c123.o
    0x000004cc   0x000004cc   0x0000002c   Code   RO          411    .text               c_w.l(sprintf.o)
    0x000004f8   0x000004f8   0x0000008a   Code   RO          415    .text               c_w.l(rt_memcpy_v6.o)
    0x00000582   0x00000582   0x00000010   Code   RO          417    .text               c_w.l(aeabi_memset4.o)
    0x00000592   0x00000592   0x00000006   Code   RO          419    .text               c_w.l(heapauxi.o)
    0x00000598   0x00000598   0x0000004e   Code   RO          448    .text               c_w.l(_printf_pad.o)
    0x000005e6   0x000005e6   0x00000024   Code   RO          450    .text               c_w.l(_printf_truncate.o)
    0x0000060a   0x0000060a   0x00000052   Code   RO          452    .text               c_w.l(_printf_str.o)
    0x0000065c   0x0000065c   0x00000078   Code   RO          454    .text               c_w.l(_printf_dec.o)
    0x000006d4   0x000006d4   0x00000028   Code   RO          456    .text               c_w.l(_printf_charcount.o)
    0x000006fc   0x000006fc   0x00000030   Code   RO          458    .text               c_w.l(_printf_char_common.o)
    0x0000072c   0x0000072c   0x0000000a   Code   RO          460    .text               c_w.l(_sputc.o)
    0x00000736   0x00000736   0x00000002   PAD
    0x00000738   0x00000738   0x000000bc   Code   RO          462    .text               c_w.l(_printf_wctomb.o)
    0x000007f4   0x000007f4   0x0000007c   Code   RO          465    .text               c_w.l(_printf_longlong_dec.o)
    0x00000870   0x00000870   0x00000070   Code   RO          471    .text               c_w.l(_printf_oct_int_ll.o)
    0x000008e0   0x000008e0   0x00000094   Code   RO          491    .text               c_w.l(_printf_hex_int_ll_ptr.o)
    0x00000974   0x00000974   0x00000188   Code   RO          511    .text               c_w.l(__printf_flags_ss_wp.o)
    0x00000afc   0x00000afc   0x00000064   Code   RO          537    .text               c_w.l(rt_memcpy_w.o)
    0x00000b60   0x00000b60   0x0000004e   Code   RO          539    .text               c_w.l(rt_memclr_w.o)
    0x00000bae   0x00000bae   0x0000008a   Code   RO          573    .text               c_w.l(lludiv10.o)
    0x00000c38   0x00000c38   0x000000b2   Code   RO          575    .text               c_w.l(_printf_intcommon.o)
    0x00000cea   0x00000cea   0x0000041c   Code   RO          577    .text               c_w.l(_printf_fp_dec.o)
    0x00001106   0x00001106   0x00000002   PAD
    0x00001108   0x00001108   0x000002fc   Code   RO          581    .text               c_w.l(_printf_fp_hex.o)
    0x00001404   0x00001404   0x0000002c   Code   RO          586    .text               c_w.l(_printf_char.o)
    0x00001430   0x00001430   0x0000002c   Code   RO          588    .text               c_w.l(_printf_wchar.o)
    0x0000145c   0x0000145c   0x00000048   Code   RO          591    .text               c_w.l(_c16rtomb.o)
    0x000014a4   0x000014a4   0x0000004a   Code   RO          593    .text               c_w.l(sys_stackheap_outer.o)
    0x000014ee   0x000014ee   0x00000002   PAD
    0x000014f0   0x000014f0   0x00000010   Code   RO          595    .text               c_w.l(rt_ctype_table.o)
    0x00001500   0x00001500   0x00000008   Code   RO          600    .text               c_w.l(rt_locale_intlibspace.o)
    0x00001508   0x00001508   0x00000080   Code   RO          602    .text               c_w.l(_printf_fp_infnan.o)
    0x00001588   0x00001588   0x000000e4   Code   RO          604    .text               c_w.l(bigflt0.o)
    0x0000166c   0x0000166c   0x00000012   Code   RO          634    .text               c_w.l(exit.o)
    0x0000167e   0x0000167e   0x00000002   PAD
    0x00001680   0x00001680   0x00000008   Code   RO          646    .text               c_w.l(libspace.o)
    0x00001688   0x00001688   0x0000007c   Code   RO          656    .text               c_w.l(strcmpv7em.o)
    0x00001704   0x00001704   0x0000000c   Code   RO          716    .text               c_w.l(sys_exit.o)
    0x00001710   0x00001710   0x00000002   Code   RO          731    .text               c_w.l(use_no_semi.o)
    0x00001712   0x00001712   0x00000000   Code   RO          733    .text               c_w.l(indicate_semi.o)
    0x00001712   0x00001712   0x00000002   PAD
    0x00001714   0x00001714   0x00000044   Code   RO            8    .text.AlarmLedTask  main.o
    0x00001758   0x00001758   0x00000040   Code   RO           32    .text.Delay_MS      lcd_o.o
    0x00001798   0x00001798   0x00000062   Code   RO           55    .text.Delay_MS_2    temp.o
    0x000017fa   0x000017fa   0x00000002   PAD
    0x000017fc   0x000017fc   0x00000060   Code   RO           34    .text.Delay_US      lcd_o.o
    0x0000185c   0x0000185c   0x0000000a   Code   RO           40    .text.LCD_clearScreen  lcd_o.o
    0x00001866   0x00001866   0x00000002   PAD
    0x00001868   0x00001868   0x000000b4   Code   RO           42    .text.LCD_displayCharacter  lcd_o.o
    0x0000191c   0x0000191c   0x00000024   Code   RO           44    .text.LCD_displayString  lcd_o.o
    0x00001940   0x00001940   0x00000060   Code   RO           46    .text.LCD_goToRowColumn  lcd_o.o
    0x000019a0   0x000019a0   0x00000064   Code   RO           36    .text.LCD_init      lcd_o.o
    0x00001a04   0x00001a04   0x0000006c   Code   RO           38    .text.LCD_sendCommand  lcd_o.o
    0x00001a70   0x00001a70   0x00000084   Code   RO            6    .text.LcdControllerTask  main.o
    0x00001af4   0x00001af4   0x0000000c   PAD
    0x00001b00   0x00001b00   0x00000064   Code   RO          131    .text.PendSV_Handler  port.o
    0x00001b64   0x00001b64   0x0000000c   PAD
    0x00001b70   0x00001b70   0x00000024   Code   RO          115    .text.SVC_Handler   port.o
    0x00001b94   0x00001b94   0x0000003c   Code   RO          133    .text.SysTick_Handler  port.o
    0x00001bd0   0x00001bd0   0x00000012   Code   RO           83    .text.SystemInit    system_tm4c123.o
    0x00001be2   0x00001be2   0x00000002   PAD
    0x00001be4   0x00001be4   0x000000a6   Code   RO           57    .text.TEMP_init     temp.o
    0x00001c8a   0x00001c8a   0x00000006   PAD
    0x00001c90   0x00001c90   0x000000e8   Code   RO           59    .text.TEMP_read     temp.o
    0x00001d78   0x00001d78   0x0000002e   Code   RO           16    .text.UART0_Read    main.o
    0x00001da6   0x00001da6   0x00000002   PAD
    0x00001da8   0x00001da8   0x0000002e   Code   RO           14    .text.UART0_Transmitter  main.o
    0x00001dd6   0x00001dd6   0x00000002   PAD
    0x00001dd8   0x00001dd8   0x00000074   Code   RO           10    .text.UartControler  main.o
    0x00001e4c   0x00001e4c   0x000001ba   Code   RO            2    .text.main          main.o
    0x00002006   0x00002006   0x00000002   PAD
    0x00002008   0x00002008   0x000000de   Code   RO            4    .text.mainControllerTask  main.o
    0x000020e6   0x000020e6   0x00000002   PAD
    0x000020e8   0x000020e8   0x00000022   Code   RO           12    .text.printstring   main.o
    0x0000210a   0x0000210a   0x00000002   PAD
    0x0000210c   0x0000210c   0x00000122   Code   RO          266    .text.prvAddCurrentTaskToDelayedList  tasks.o
    0x0000222e   0x0000222e   0x00000002   PAD
    0x00002230   0x00002230   0x00000154   Code   RO          254    .text.prvAddNewTaskToReadyList  tasks.o
    0x00002384   0x00002384   0x0000005a   Code   RO          378    .text.prvCheckTasksWaitingTermination  tasks.o
    0x000023de   0x000023de   0x00000002   PAD
    0x000023e0   0x000023e0   0x00000042   Code   RO          203    .text.prvCopyDataFromQueue  queue.o
    0x00002422   0x00002422   0x00000002   PAD
    0x00002424   0x00002424   0x000000cc   Code   RO          189    .text.prvCopyDataToQueue  queue.o
    0x000024f0   0x000024f0   0x00000018   Code   RO          260    .text.prvDeleteTCB  tasks.o
    0x00002508   0x00002508   0x00000038   Code   RO          292    .text.prvIdleTask   tasks.o
    0x00002540   0x00002540   0x0000004e   Code   RO          169    .text.prvInitialiseNewQueue  queue.o
    0x0000258e   0x0000258e   0x00000002   PAD
    0x00002590   0x00002590   0x00000146   Code   RO          252    .text.prvInitialiseNewTask  tasks.o
    0x000026d6   0x000026d6   0x00000002   PAD
    0x000026d8   0x000026d8   0x0000008e   Code   RO          376    .text.prvInitialiseTaskLists  tasks.o
    0x00002766   0x00002766   0x00000002   PAD
    0x00002768   0x00002768   0x00000028   Code   RO          205    .text.prvIsQueueEmpty  queue.o
    0x00002790   0x00002790   0x0000002e   Code   RO          193    .text.prvIsQueueFull  queue.o
    0x000027be   0x000027be   0x00000002   PAD
    0x000027c0   0x000027c0   0x000000d8   Code   RO          191    .text.prvNotifyQueueSetContainer  queue.o
    0x00002898   0x00002898   0x00000028   Code   RO          123    .text.prvPortStartFirstTask  port.o
    0x000028c0   0x000028c0   0x0000003c   Code   RO          258    .text.prvResetNextTaskUnblockTime  tasks.o
    0x000028fc   0x000028fc   0x0000004c   Code   RO          113    .text.prvTaskExitError  port.o
    0x00002948   0x00002948   0x000000cc   Code   RO          195    .text.prvUnlockQueue  queue.o
    0x00002a14   0x00002a14   0x000000c0   Code   RO          147    .text.pvPortMalloc  heap_1.o
    0x00002ad4   0x00002ad4   0x0000005e   Code   RO          111    .text.pxPortInitialiseStack  port.o
    0x00002b32   0x00002b32   0x00000002   PAD
    0x00002b34   0x00002b34   0x00000048   Code   RO          102    .text.uxListRemove  list.o
    0x00002b7c   0x00002b7c   0x0000002e   Code   RO           94    .text.vListInitialise  list.o
    0x00002baa   0x00002baa   0x00000002   PAD
    0x00002bac   0x00002bac   0x0000000e   Code   RO           96    .text.vListInitialiseItem  list.o
    0x00002bba   0x00002bba   0x00000002   PAD
    0x00002bbc   0x00002bbc   0x0000006a   Code   RO          100    .text.vListInsert   list.o
    0x00002c26   0x00002c26   0x00000002   PAD
    0x00002c28   0x00002c28   0x00000014   Code   RO          121    .text.vPortEnableVFP  port.o
    0x00002c3c   0x00002c3c   0x00000056   Code   RO          127    .text.vPortEnterCritical  port.o
    0x00002c92   0x00002c92   0x00000002   PAD
    0x00002c94   0x00002c94   0x0000004a   Code   RO          129    .text.vPortExitCritical  port.o
    0x00002cde   0x00002cde   0x00000002   PAD
    0x00002ce0   0x00002ce0   0x00000024   Code   RO          149    .text.vPortFree     heap_1.o
    0x00002d04   0x00002d04   0x00000044   Code   RO          119    .text.vPortSetupTimerInterrupt  port.o
    0x00002d48   0x00002d48   0x0000006e   Code   RO          270    .text.vTaskDelay    tasks.o
    0x00002db6   0x00002db6   0x00000002   PAD
    0x00002db8   0x00002db8   0x00000024   Code   RO          330    .text.vTaskInternalSetTimeOutState  tasks.o
    0x00002ddc   0x00002ddc   0x0000000e   Code   RO          334    .text.vTaskMissedYield  tasks.o
    0x00002dea   0x00002dea   0x00000002   PAD
    0x00002dec   0x00002dec   0x00000042   Code   RO          320    .text.vTaskPlaceOnEventList  tasks.o
    0x00002e2e   0x00002e2e   0x00000002   PAD
    0x00002e30   0x00002e30   0x000000aa   Code   RO          290    .text.vTaskStartScheduler  tasks.o
    0x00002eda   0x00002eda   0x00000002   PAD
    0x00002edc   0x00002edc   0x00000010   Code   RO          264    .text.vTaskSuspendAll  tasks.o
    0x00002eec   0x00002eec   0x000000be   Code   RO          282    .text.vTaskSwitchContext  tasks.o
    0x00002faa   0x00002faa   0x00000002   PAD
    0x00002fac   0x00002fac   0x0000017c   Code   RO          117    .text.xPortStartScheduler  port.o
    0x00003128   0x00003128   0x0000009a   Code   RO          167    .text.xQueueGenericCreate  queue.o
    0x000031c2   0x000031c2   0x00000002   PAD
    0x000031c4   0x000031c4   0x00000108   Code   RO          165    .text.xQueueGenericReset  queue.o
    0x000032cc   0x000032cc   0x00000274   Code   RO          181    .text.xQueueGenericSend  queue.o
    0x00003540   0x00003540   0x000001dc   Code   RO          201    .text.xQueueReceive  queue.o
    0x0000371c   0x0000371c   0x000000fc   Code   RO          332    .text.xTaskCheckForTimeOut  tasks.o
    0x00003818   0x00003818   0x00000098   Code   RO          250    .text.xTaskCreate   tasks.o
    0x000038b0   0x000038b0   0x00000038   Code   RO          350    .text.xTaskGetSchedulerState  tasks.o
    0x000038e8   0x000038e8   0x00000260   Code   RO          296    .text.xTaskIncrementTick  tasks.o
    0x00003b48   0x00003b48   0x00000138   Code   RO          354    .text.xTaskPriorityDisinherit  tasks.o
    0x00003c80   0x00003c80   0x0000018c   Code   RO          324    .text.xTaskRemoveFromEventList  tasks.o
    0x00003e0c   0x00003e0c   0x00000222   Code   RO          268    .text.xTaskResumeAll  tasks.o
    0x0000402e   0x0000402e   0x0000003e   Code   RO          607    CL$$btod_d2e        c_w.l(btod.o)
    0x0000406c   0x0000406c   0x00000046   Code   RO          609    CL$$btod_d2e_denorm_low  c_w.l(btod.o)
    0x000040b2   0x000040b2   0x00000060   Code   RO          608    CL$$btod_d2e_norm_op1  c_w.l(btod.o)
    0x00004112   0x00004112   0x00000002   PAD
    0x00004114   0x00004114   0x00000338   Code   RO          617    CL$$btod_div_common  c_w.l(btod.o)
    0x0000444c   0x0000444c   0x000000dc   Code   RO          614    CL$$btod_e2e        c_w.l(btod.o)
    0x00004528   0x00004528   0x0000002a   Code   RO          611    CL$$btod_ediv       c_w.l(btod.o)
    0x00004552   0x00004552   0x0000002a   Code   RO          610    CL$$btod_emul       c_w.l(btod.o)
    0x0000457c   0x0000457c   0x00000244   Code   RO          616    CL$$btod_mult_common  c_w.l(btod.o)
    0x000047c0   0x000047c0   0x00000030   Code   RO          644    i.__ARM_fpclassify  m_wm.l(fpclassify.o)
    0x000047f0   0x000047f0   0x0000000e   Code   RO          504    i._is_digit         c_w.l(__printf_wp.o)
    0x000047fe   0x000047fe   0x00000002   PAD
    0x00004800   0x00004800   0x0000002c   Code   RO          632    locale$$code        c_w.l(lc_numeric_c.o)
    0x0000482c   0x0000482c   0x0000002c   Code   RO          654    locale$$code        c_w.l(lc_ctype_c.o)
    0x00004858   0x00004858   0x00000062   Code   RO          423    x$fpl$d2f           fz_wm.l(d2f.o)
    0x000048ba   0x000048ba   0x00000002   PAD
    0x000048bc   0x000048bc   0x00000150   Code   RO          425    x$fpl$dadd          fz_wm.l(daddsub_clz.o)
    0x00004a0c   0x00004a0c   0x000002b4   Code   RO          432    x$fpl$ddiv          fz_wm.l(ddiv.o)
    0x00004cc0   0x00004cc0   0x00000026   Code   RO          435    x$fpl$dfltu         fz_wm.l(dflt_clz.o)
    0x00004ce6   0x00004ce6   0x00000002   PAD
    0x00004ce8   0x00004ce8   0x00000154   Code   RO          441    x$fpl$dmul          fz_wm.l(dmul.o)
    0x00004e3c   0x00004e3c   0x0000009c   Code   RO          541    x$fpl$dnaninf       fz_wm.l(dnaninf.o)
    0x00004ed8   0x00004ed8   0x0000000c   Code   RO          543    x$fpl$dretinf       fz_wm.l(dretinf.o)
    0x00004ee4   0x00004ee4   0x000001dc   Code   RO          427    x$fpl$dsub          fz_wm.l(daddsub_clz.o)
    0x000050c0   0x000050c0   0x00000056   Code   RO          443    x$fpl$f2d           fz_wm.l(f2d.o)
    0x00005116   0x00005116   0x0000008c   Code   RO          545    x$fpl$fnaninf       fz_wm.l(fnaninf.o)
    0x000051a2   0x000051a2   0x0000001a   Code   RO          714    x$fpl$fpinit        fz_wm.l(fpinit.o)
    0x000051bc   0x000051bc   0x0000000a   Code   RO          547    x$fpl$fretinf       fz_wm.l(fretinf.o)
    0x000051c6   0x000051c6   0x00000004   Code   RO          549    x$fpl$printf1       fz_wm.l(printf1.o)
    0x000051ca   0x000051ca   0x00000004   Code   RO          551    x$fpl$printf2       fz_wm.l(printf2.o)
    0x000051ce   0x000051ce   0x00000000   Code   RO          557    x$fpl$usenofp       fz_wm.l(usenofp.o)
    0x000051ce   0x000051ce   0x00000002   PAD
    0x000051d0   0x000051d0   0x00000008   Data   RO          463    .constdata          c_w.l(_printf_wctomb.o)
    0x000051d8   0x000051d8   0x00000028   Data   RO          492    .constdata          c_w.l(_printf_hex_int_ll_ptr.o)
    0x00005200   0x00005200   0x00000011   Data   RO          512    .constdata          c_w.l(__printf_flags_ss_wp.o)
    0x00005211   0x00005211   0x00000026   Data   RO          582    .constdata          c_w.l(_printf_fp_hex.o)
    0x00005237   0x00005237   0x00000001   PAD
    0x00005238   0x00005238   0x00000094   Data   RO          605    .constdata          c_w.l(bigflt0.o)
    0x000052cc   0x000052cc   0x000000a7   Data   RO           21    .rodata.str1.1      main.o
    0x00005373   0x00005373   0x00000005   Data   RO          396    .rodata.str1.1      tasks.o
    0x00005378   0x00005378   0x00000004   Data   RO          381    .rodata.uxTopUsedPriority  tasks.o
    0x0000537c   0x0000537c   0x00000020   Data   RO          789    Region$$Table       anon$$obj.o
    0x0000539c   0x0000539c   0x0000001c   Data   RO          631    locale$$data        c_w.l(lc_numeric_c.o)
    0x000053b8   0x000053b8   0x00000110   Data   RO          653    locale$$data        c_w.l(lc_ctype_c.o)


    Execution Region RW_IRAM1 (Exec base: 0x20000000, Load base: 0x000054c8, Size: 0x00002aa0, Max: 0x00008000, ABSOLUTE)

    Exec Addr    Load Addr    Size         Type   Attr      Idx    E Section Name        Object

    0x20000000   0x000054c8   0x00000004   Data   RW           85    .data.SystemCoreClock  system_tm4c123.o
    0x20000004   0x000054cc   0x00000004   Data   RW          139    .data.uxCriticalNesting  port.o
    0x20000008        -       0x00000060   Zero   RW          647    .bss                c_w.l(libspace.o)
    0x20000068        -       0x00000004   Zero   RW           61    .bss.adc_value      temp.o
    0x2000006c        -       0x00000004   Zero   RW           62    .bss.mv             temp.o
    0x20000070        -       0x00000004   Zero   RW          155    .bss.pvPortMalloc.pucAlignedHeap  heap_1.o
    0x20000074        -       0x00000004   Zero   RW          380    .bss.pxCurrentTCB   tasks.o
    0x20000078        -       0x00000004   Zero   RW          391    .bss.pxDelayedTaskList  tasks.o
    0x2000007c        -       0x00000004   Zero   RW          392    .bss.pxOverflowDelayedTaskList  tasks.o
    0x20000080        -       0x00000064   Zero   RW          382    .bss.pxReadyTasksLists  tasks.o
    0x200000e4        -       0x00002710   Zero   RW          156    .bss.ucHeap         heap_1.o
    0x200027f4        -       0x00000001   Zero   RW          137    .bss.ucMaxSysCallPriority  port.o
    0x200027f5   0x000054d0   0x00000003   PAD
    0x200027f8        -       0x00000004   Zero   RW          138    .bss.ulMaxPRIGROUPValue  port.o
    0x200027fc        -       0x00000004   Zero   RW          387    .bss.uxCurrentNumberOfTasks  tasks.o
    0x20002800        -       0x00000004   Zero   RW          386    .bss.uxDeletedTasksWaitingCleanUp  tasks.o
    0x20002804        -       0x00000004   Zero   RW          389    .bss.uxSchedulerSuspended  tasks.o
    0x20002808        -       0x00000004   Zero   RW          384    .bss.uxTaskNumber   tasks.o
    0x2000280c        -       0x00000004   Zero   RW          383    .bss.uxTopReadyPriority  tasks.o
    0x20002810        -       0x00000014   Zero   RW          401    .bss.xDelayedTaskList1  tasks.o
    0x20002824        -       0x00000014   Zero   RW          402    .bss.xDelayedTaskList2  tasks.o
    0x20002838        -       0x00000004   Zero   RW          397    .bss.xIdleTaskHandle  tasks.o
    0x2000283c        -       0x00000004   Zero   RW           20    .bss.xLCDQueue      main.o
    0x20002840        -       0x00000004   Zero   RW           19    .bss.xLEDALARMQueue  main.o
    0x20002844        -       0x00000004   Zero   RW          157    .bss.xNextFreeByte  heap_1.o
    0x20002848        -       0x00000004   Zero   RW          398    .bss.xNextTaskUnblockTime  tasks.o
    0x2000284c        -       0x00000004   Zero   RW          400    .bss.xNumOfOverflows  tasks.o
    0x20002850        -       0x00000004   Zero   RW          399    .bss.xPendedTicks   tasks.o
    0x20002854        -       0x00000014   Zero   RW          395    .bss.xPendingReadyList  tasks.o
    0x20002868        -       0x00000004   Zero   RW          388    .bss.xSchedulerRunning  tasks.o
    0x2000286c        -       0x00000014   Zero   RW          393    .bss.xSuspendedTaskList  tasks.o
    0x20002880        -       0x00000014   Zero   RW          385    .bss.xTasksWaitingTermination  tasks.o
    0x20002894        -       0x00000004   Zero   RW          390    .bss.xTickCount     tasks.o
    0x20002898        -       0x00000004   Zero   RW           18    .bss.xUARTQueue     main.o
    0x2000289c        -       0x00000004   Zero   RW          394    .bss.xYieldPending  tasks.o
    0x200028a0        -       0x00000000   Zero   RW           70    HEAP                startup_tm4c123.o
    0x200028a0        -       0x00000200   Zero   RW           69    STACK               startup_tm4c123.o


==============================================================================

Image component sizes


      Code (inc. data)   RO Data    RW Data    ZI Data      Debug   Object Name

       228          0          0          0      10008       1783   heap_1.o
       690          4          0          0          0       6789   lcd_o.o
       238          0          0          0          0       2341   list.o
      1106          0        167          0         12       3538   main.o
      1034         16          0          4          5       3986   port.o
      2376          0          0          0          0      16737   queue.o
       276         24        620          0        512       5484   startup_tm4c123.o
        18          0          0          4          0       6628   system_tm4c123.o
      4252          0          9          0        260      25866   tasks.o
       496         24          0          0          8       1142   temp.o

    ----------------------------------------------------------------------
     10798         80        828          8      10808      74294   Object Totals
         0          0         32          0          0          0   (incl. Generated)
        84         12          0          0          3          0   (incl. Padding)

    ----------------------------------------------------------------------

      Code (inc. data)   RO Data    RW Data    ZI Data      Debug   Library Member Name

         8          0          0          0          0         68   __main.o
       392          4         17          0          0         92   __printf_flags_ss_wp.o
        14          0          0          0          0         68   __printf_wp.o
         0          0          0          0          0          0   __rtentry.o
        12          0          0          0          0          0   __rtentry2.o
         6          0          0          0          0          0   __rtentry4.o
        52          8          0          0          0          0   __scatter.o
        26          0          0          0          0          0   __scatter_copy.o
        28          0          0          0          0          0   __scatter_zi.o
        72          0          0          0          0         96   _c16rtomb.o
         6          0          0          0          0          0   _printf_a.o
         6          0          0          0          0          0   _printf_c.o
        44          0          0          0          0        108   _printf_char.o
        48          6          0          0          0         96   _printf_char_common.o
        40          0          0          0          0         68   _printf_charcount.o
         6          0          0          0          0          0   _printf_d.o
       120         16          0          0          0         92   _printf_dec.o
         6          0          0          0          0          0   _printf_e.o
         6          0          0          0          0          0   _printf_f.o
      1052          0          0          0          0        148   _printf_fp_dec.o
       764          8         38          0          0        100   _printf_fp_hex.o
       128         16          0          0          0         84   _printf_fp_infnan.o
         6          0          0          0          0          0   _printf_g.o
       148          4         40          0          0        160   _printf_hex_int_ll_ptr.o
         6          0          0          0          0          0   _printf_i.o
       178          0          0          0          0         88   _printf_intcommon.o
        10          0          0          0          0          0   _printf_l.o
         6          0          0          0          0          0   _printf_lc.o
        10          0          0          0          0          0   _printf_ll.o
         6          0          0          0          0          0   _printf_lld.o
         6          0          0          0          0          0   _printf_lli.o
         6          0          0          0          0          0   _printf_llo.o
         6          0          0          0          0          0   _printf_llu.o
         6          0          0          0          0          0   _printf_llx.o
       124         16          0          0          0         92   _printf_longlong_dec.o
         6          0          0          0          0          0   _printf_ls.o
         6          0          0          0          0          0   _printf_n.o
         6          0          0          0          0          0   _printf_o.o
       112          8          0          0          0        124   _printf_oct_int_ll.o
         6          0          0          0          0          0   _printf_p.o
        78          0          0          0          0        108   _printf_pad.o
         0          0          0          0          0          0   _printf_percent.o
         4          0          0          0          0          0   _printf_percent_end.o
         6          0          0          0          0          0   _printf_s.o
        82          0          0          0          0         80   _printf_str.o
        36          0          0          0          0         84   _printf_truncate.o
         6          0          0          0          0          0   _printf_u.o
        44          0          0          0          0        108   _printf_wchar.o
       188          6          8          0          0         92   _printf_wctomb.o
         6          0          0          0          0          0   _printf_x.o
        10          0          0          0          0         68   _sputc.o
        16          0          0          0          0         68   aeabi_memset4.o
       228          4        148          0          0         96   bigflt0.o
      1936        128          0          0          0        668   btod.o
        18          0          0          0          0         80   exit.o
         6          0          0          0          0        152   heapauxi.o
         0          0          0          0          0          0   indicate_semi.o
        44         10        272          0          0         76   lc_ctype_c.o
        44         10         28          0          0         76   lc_numeric_c.o
         2          0          0          0          0          0   libinit.o
        34          0          0          0          0          0   libinit2.o
         2          0          0          0          0          0   libshutdown.o
         2          0          0          0          0          0   libshutdown2.o
         8          4          0          0         96         68   libspace.o
       138          0          0          0          0         80   lludiv10.o
        16          4          0          0          0         76   rt_ctype_table.o
         8          4          0          0          0         68   rt_locale_intlibspace.o
        78          0          0          0          0         80   rt_memclr_w.o
       138          0          0          0          0         68   rt_memcpy_v6.o
       100          0          0          0          0         80   rt_memcpy_w.o
         2          0          0          0          0          0   rtexit.o
        10          0          0          0          0          0   rtexit2.o
        44          6          0          0          0         84   sprintf.o
       124          0          0          0          0         88   strcmpv7em.o
        12          4          0          0          0         68   sys_exit.o
        74          0          0          0          0         80   sys_stackheap_outer.o
         2          0          0          0          0         68   use_no_semi.o
        98          4          0          0          0        140   d2f.o
       812         16          0          0          0        392   daddsub_clz.o
       692        140          0          0          0        264   ddiv.o
        38          0          0          0          0        116   dflt_clz.o
       340         12          0          0          0        152   dmul.o
       156          4          0          0          0        140   dnaninf.o
        12          0          0          0          0        116   dretinf.o
        86          4          0          0          0        132   f2d.o
       140          4          0          0          0        132   fnaninf.o
        26          0          0          0          0        116   fpinit.o
        10          0          0          0          0        116   fretinf.o
         4          0          0          0          0        116   printf1.o
         4          0          0          0          0        116   printf2.o
         0          0          0          0          0          0   usenofp.o
        48          0          0          0          0        124   fpclassify.o

    ----------------------------------------------------------------------
      9526        450        552          0         96       6320   Library Totals
        24          0          1          0          0          0   (incl. Padding)

    ----------------------------------------------------------------------

      Code (inc. data)   RO Data    RW Data    ZI Data      Debug   Library Name

      7036        266        551          0         96       4148   c_w.l
      2418        184          0          0          0       2048   fz_wm.l
        48          0          0          0          0        124   m_wm.l

    ----------------------------------------------------------------------
      9526        450        552          0         96       6320   Library Totals

    ----------------------------------------------------------------------

==============================================================================


      Code (inc. data)   RO Data    RW Data    ZI Data      Debug   

     20324        530       1380          8      10904      76918   Grand Totals
     20324        530       1380          8      10904      76918   ELF Image Totals
     20324        530       1380          8          0          0   ROM Totals

==============================================================================

    Total RO  Size (Code + RO Data)                21704 (  21.20kB)
    Total RW  Size (RW Data + ZI Data)             10912 (  10.66kB)
    Total ROM Size (Code + RO Data + RW Data)      21712 (  21.20kB)

==============================================================================

